
> guilty-spark@1.0.0 test
> vitest run


[1m[30m[46m RUN [49m[39m[22m [36mv4.1.6 [39m[90m/home/david/git/guilty-spark[39m

[90mstdout[2m | api/commands/maps/tests/all-formats-validation.test.ts[2m > [22m[2mAll Format Types - Distribution Analysis[2m > [22m[2mvalidates HCS format distribution for 3 games
[22m[39m
📊 HCS (3 games) - 100 iterations:
  Average unique maps per run: 3.00/3 (100.0%)
  Average unique modes per run: 3.00/3 (100.0%)
  Total unique maps used: 9
  Total unique modes used: 5
  Map repeat rate: 0.0% (0/300)
  Mode repeat rate: 0.0% (0/300)
  Max map repeats in single run: 1
  Max mode repeats in single run: 1

[90mstdout[2m | api/services/halo/tests/all-formats-validation.test.ts[2m > [22m[2mAll Format Types - Distribution Analysis[2m > [22m[2mvalidates HCS format distribution for 3 games
[22m[39m
📊 HCS (3 games) - 100 iterations:
  Average unique maps per run: 3.00/3 (100.0%)
  Average unique modes per run: 3.00/3 (100.0%)
  Total unique maps used: 9
  Total unique modes used: 5
  Map repeat rate: 0.0% (0/300)
  Mode repeat rate: 0.0% (0/300)
  Max map repeats in single run: 1
  Max mode repeats in single run: 1

[90mstdout[2m | api/services/halo/tests/all-formats-validation.test.ts[2m > [22m[2mAll Format Types - Distribution Analysis[2m > [22m[2mvalidates Random format distribution for 3 games
[22m[39m
📊 Random (3 games) - 100 iterations:
  Average unique maps per run: 3.00/3 (100.0%)
  Average unique modes per run: 2.91/3 (97.0%)
  Total unique maps used: 9
  Total unique modes used: 5
  Map repeat rate: 0.0% (0/300)
  Mode repeat rate: 3.0% (9/300)
  Max map repeats in single run: 1
  Max mode repeats in single run: 2

[90mstdout[2m | api/commands/maps/tests/all-formats-validation.test.ts[2m > [22m[2mAll Format Types - Distribution Analysis[2m > [22m[2mvalidates Random format distribution for 3 games
[22m[39m
📊 Random (3 games) - 100 iterations:
  Average unique maps per run: 3.00/3 (100.0%)
  Average unique modes per run: 2.96/3 (98.7%)
  Total unique maps used: 9
  Total unique modes used: 5
  Map repeat rate: 0.0% (0/300)
  Mode repeat rate: 1.3% (4/300)
  Max map repeats in single run: 1
  Max mode repeats in single run: 2

[90mstdout[2m | api/services/halo/tests/all-formats-validation.test.ts[2m > [22m[2mAll Format Types - Distribution Analysis[2m > [22m[2mvalidates Random Objective format distribution for 3 games
[22m[39m
📊 Random Objective (3 games) - 100 iterations:
  Average unique maps per run: 3.00/3 (100.0%)
  Average unique modes per run: 3.00/3 (100.0%)
  Total unique maps used: 7
  Total unique modes used: 4
  Map repeat rate: 0.0% (0/300)
  Mode repeat rate: 0.0% (0/300)
  Max map repeats in single run: 1
  Max mode repeats in single run: 1

[90mstdout[2m | api/commands/maps/tests/all-formats-validation.test.ts[2m > [22m[2mAll Format Types - Distribution Analysis[2m > [22m[2mvalidates Random Objective format distribution for 3 games
[22m[39m
📊 Random Objective (3 games) - 100 iterations:
  Average unique maps per run: 3.00/3 (100.0%)
  Average unique modes per run: 3.00/3 (100.0%)
  Total unique maps used: 7
  Total unique modes used: 4
  Map repeat rate: 0.0% (0/300)
  Mode repeat rate: 0.0% (0/300)
  Max map repeats in single run: 1
  Max mode repeats in single run: 1

[90mstdout[2m | api/commands/maps/tests/all-formats-validation.test.ts[2m > [22m[2mAll Format Types - Distribution Analysis[2m > [22m[2mvalidates Random Slayer format distribution for 3 games
[22m[39m
📊 Random Slayer (3 games) - 100 iterations:
  Average unique maps per run: 3.00/3 (100.0%)
  Average unique modes per run: 1.00/3 (33.3%)
  Total unique maps used: 6
  Total unique modes used: 1
  Map repeat rate: 0.0% (0/300)
  Mode repeat rate: 66.7% (200/300)
  Max map repeats in single run: 1
  Max mode repeats in single run: 3

[90mstdout[2m | api/services/halo/tests/all-formats-validation.test.ts[2m > [22m[2mAll Format Types - Distribution Analysis[2m > [22m[2mvalidates Random Slayer format distribution for 3 games
[22m[39m
📊 Random Slayer (3 games) - 100 iterations:
  Average unique maps per run: 3.00/3 (100.0%)
  Average unique modes per run: 1.00/3 (33.3%)
  Total unique maps used: 6
  Total unique modes used: 1
  Map repeat rate: 0.0% (0/300)
  Mode repeat rate: 66.7% (200/300)
  Max map repeats in single run: 1
  Max mode repeats in single run: 3

[90mstdout[2m | api/services/halo/tests/all-formats-validation.test.ts[2m > [22m[2mAll Format Types - Distribution Analysis[2m > [22m[2mvalidates HCS format distribution for 5 games
[22m[39m
📊 HCS (5 games) - 100 iterations:
  Average unique maps per run: 5.00/5 (100.0%)
  Average unique modes per run: 4.00/5 (80.0%)
  Total unique maps used: 9
  Total unique modes used: 5
  Map repeat rate: 0.0% (0/500)
  Mode repeat rate: 20.0% (100/500)
  Max map repeats in single run: 1
  Max mode repeats in single run: 2

[90mstdout[2m | api/commands/maps/tests/all-formats-validation.test.ts[2m > [22m[2mAll Format Types - Distribution Analysis[2m > [22m[2mvalidates HCS format distribution for 5 games
[22m[39m
📊 HCS (5 games) - 100 iterations:
  Average unique maps per run: 5.00/5 (100.0%)
  Average unique modes per run: 4.00/5 (80.0%)
  Total unique maps used: 9
  Total unique modes used: 5
  Map repeat rate: 0.0% (0/500)
  Mode repeat rate: 20.0% (100/500)
  Max map repeats in single run: 1
  Max mode repeats in single run: 2

[90mstdout[2m | api/services/halo/tests/all-formats-validation.test.ts[2m > [22m[2mAll Format Types - Distribution Analysis[2m > [22m[2mvalidates Random format distribution for 5 games
[22m[39m
📊 Random (5 games) - 100 iterations:
  Average unique maps per run: 4.82/5 (96.4%)
  Average unique modes per run: 4.30/5 (86.0%)
  Total unique maps used: 9
  Total unique modes used: 5
  Map repeat rate: 3.6% (18/500)
  Mode repeat rate: 14.0% (70/500)
  Max map repeats in single run: 2
  Max mode repeats in single run: 4

[90mstdout[2m | api/commands/maps/tests/all-formats-validation.test.ts[2m > [22m[2mAll Format Types - Distribution Analysis[2m > [22m[2mvalidates Random format distribution for 5 games
[22m[39m
📊 Random (5 games) - 100 iterations:
  Average unique maps per run: 4.82/5 (96.4%)
  Average unique modes per run: 4.38/5 (87.6%)
  Total unique maps used: 9
  Total unique modes used: 5
  Map repeat rate: 3.6% (18/500)
  Mode repeat rate: 12.4% (62/500)
  Max map repeats in single run: 2
  Max mode repeats in single run: 3

[90mstdout[2m | api/services/halo/tests/all-formats-validation.test.ts[2m > [22m[2mAll Format Types - Distribution Analysis[2m > [22m[2mvalidates Random Objective format distribution for 5 games
[22m[39m
📊 Random Objective (5 games) - 100 iterations:
  Average unique maps per run: 4.92/5 (98.4%)
  Average unique modes per run: 4.00/5 (80.0%)
  Total unique maps used: 7
  Total unique modes used: 4
  Map repeat rate: 1.6% (8/500)
  Mode repeat rate: 20.0% (100/500)
  Max map repeats in single run: 2
  Max mode repeats in single run: 2

[90mstdout[2m | api/commands/maps/tests/all-formats-validation.test.ts[2m > [22m[2mAll Format Types - Distribution Analysis[2m > [22m[2mvalidates Random Objective format distribution for 5 games
[22m[39m
📊 Random Objective (5 games) - 100 iterations:
  Average unique maps per run: 4.96/5 (99.2%)
  Average unique modes per run: 4.00/5 (80.0%)
  Total unique maps used: 7
  Total unique modes used: 4
  Map repeat rate: 0.8% (4/500)
  Mode repeat rate: 20.0% (100/500)
  Max map repeats in single run: 2
  Max mode repeats in single run: 2

[90mstdout[2m | api/commands/maps/tests/all-formats-validation.test.ts[2m > [22m[2mAll Format Types - Distribution Analysis[2m > [22m[2mvalidates Random Slayer format distribution for 5 games
[22m[39m
📊 Random Slayer (5 games) - 100 iterations:
  Average unique maps per run: 5.00/5 (100.0%)
  Average unique modes per run: 1.00/5 (20.0%)
  Total unique maps used: 6
  Total unique modes used: 1
  Map repeat rate: 0.0% (0/500)
  Mode repeat rate: 80.0% (400/500)
  Max map repeats in single run: 1
  Max mode repeats in single run: 5

[90mstdout[2m | api/services/halo/tests/all-formats-validation.test.ts[2m > [22m[2mAll Format Types - Distribution Analysis[2m > [22m[2mvalidates Random Slayer format distribution for 5 games
[22m[39m
📊 Random Slayer (5 games) - 100 iterations:
  Average unique maps per run: 5.00/5 (100.0%)
  Average unique modes per run: 1.00/5 (20.0%)
  Total unique maps used: 6
  Total unique modes used: 1
  Map repeat rate: 0.0% (0/500)
  Mode repeat rate: 80.0% (400/500)
  Max map repeats in single run: 1
  Max mode repeats in single run: 5

[90mstdout[2m | api/services/halo/tests/all-formats-validation.test.ts[2m > [22m[2mAll Format Types - Distribution Analysis[2m > [22m[2mvalidates HCS format distribution for 7 games
[22m[39m
📊 HCS (7 games) - 100 iterations:
  Average unique maps per run: 6.57/7 (93.9%)
  Average unique modes per run: 5.00/7 (71.4%)
  Total unique maps used: 9
  Total unique modes used: 5
  Map repeat rate: 6.1% (43/700)
  Mode repeat rate: 28.6% (200/700)
  Max map repeats in single run: 2
  Max mode repeats in single run: 3

[90mstdout[2m | api/commands/maps/tests/all-formats-validation.test.ts[2m > [22m[2mAll Format Types - Distribution Analysis[2m > [22m[2mvalidates HCS format distribution for 7 games
[22m[39m
📊 HCS (7 games) - 100 iterations:
  Average unique maps per run: 6.63/7 (94.7%)
  Average unique modes per run: 5.00/7 (71.4%)
  Total unique maps used: 9
  Total unique modes used: 5
  Map repeat rate: 5.3% (37/700)
  Mode repeat rate: 28.6% (200/700)
  Max map repeats in single run: 2
  Max mode repeats in single run: 3

[90mstdout[2m | api/commands/maps/tests/all-formats-validation.test.ts[2m > [22m[2mAll Format Types - Distribution Analysis[2m > [22m[2mvalidates Random format distribution for 7 games
[22m[39m
📊 Random (7 games) - 100 iterations:
  Average unique maps per run: 6.40/7 (91.4%)
  Average unique modes per run: 4.76/7 (68.0%)
  Total unique maps used: 9
  Total unique modes used: 5
  Map repeat rate: 8.6% (60/700)
  Mode repeat rate: 32.0% (224/700)
  Max map repeats in single run: 2
  Max mode repeats in single run: 5

[90mstdout[2m | api/services/halo/tests/all-formats-validation.test.ts[2m > [22m[2mAll Format Types - Distribution Analysis[2m > [22m[2mvalidates Random format distribution for 7 games
[22m[39m
📊 Random (7 games) - 100 iterations:
  Average unique maps per run: 6.44/7 (92.0%)
  Average unique modes per run: 4.67/7 (66.7%)
  Total unique maps used: 9
  Total unique modes used: 5
  Map repeat rate: 8.0% (56/700)
  Mode repeat rate: 33.3% (233/700)
  Max map repeats in single run: 2
  Max mode repeats in single run: 4

[90mstdout[2m | api/commands/maps/tests/all-formats-validation.test.ts[2m > [22m[2mAll Format Types - Distribution Analysis[2m > [22m[2mvalidates Random Objective format distribution for 7 games
[22m[39m
📊 Random Objective (7 games) - 100 iterations:
  Average unique maps per run: 5.97/7 (85.3%)
  Average unique modes per run: 4.00/7 (57.1%)
  Total unique maps used: 7
  Total unique modes used: 4
  Map repeat rate: 14.7% (103/700)
  Mode repeat rate: 42.9% (300/700)
  Max map repeats in single run: 3
  Max mode repeats in single run: 2

[90mstdout[2m | api/services/halo/tests/all-formats-validation.test.ts[2m > [22m[2mAll Format Types - Distribution Analysis[2m > [22m[2mvalidates Random Objective format distribution for 7 games
[22m[39m
📊 Random Objective (7 games) - 100 iterations:
  Average unique maps per run: 5.95/7 (85.0%)
  Average unique modes per run: 4.00/7 (57.1%)
  Total unique maps used: 7
  Total unique modes used: 4
  Map repeat rate: 15.0% (105/700)
  Mode repeat rate: 42.9% (300/700)
  Max map repeats in single run: 3
  Max mode repeats in single run: 2

[90mstdout[2m | api/commands/maps/tests/all-formats-validation.test.ts[2m > [22m[2mAll Format Types - Distribution Analysis[2m > [22m[2mvalidates Random Slayer format distribution for 7 games
[22m[39m
📊 Random Slayer (7 games) - 100 iterations:
  Average unique maps per run: 6.00/7 (85.7%)
  Average unique modes per run: 1.00/7 (14.3%)
  Total unique maps used: 6
  Total unique modes used: 1
  Map repeat rate: 14.3% (100/700)
  Mode repeat rate: 85.7% (600/700)
  Max map repeats in single run: 2
  Max mode repeats in single run: 7

[90mstdout[2m | api/services/halo/tests/all-formats-validation.test.ts[2m > [22m[2mAll Format Types - Distribution Analysis[2m > [22m[2mvalidates Random Slayer format distribution for 7 games
[22m[39m
📊 Random Slayer (7 games) - 100 iterations:
  Average unique maps per run: 6.00/7 (85.7%)
  Average unique modes per run: 1.00/7 (14.3%)
  Total unique maps used: 6
  Total unique modes used: 1
  Map repeat rate: 14.3% (100/700)
  Mode repeat rate: 85.7% (600/700)
  Max map repeats in single run: 2
  Max mode repeats in single run: 7

[90mstdout[2m | api/commands/maps/tests/all-formats-validation.test.ts[2m > [22m[2mAll Format Types - Distribution Analysis[2m > [22m[2mcompares all formats for optimal distribution characteristics
[22m[39m
📊 HCS (7 games) - 100 iterations:
  Average unique maps per run: 6.64/7 (94.9%)
  Average unique modes per run: 5.00/7 (71.4%)
  Total unique maps used: 9
  Total unique modes used: 5
  Map repeat rate: 5.1% (18/350)
  Mode repeat rate: 28.6% (100/350)
  Max map repeats in single run: 2
  Max mode repeats in single run: 3

[90mstdout[2m | api/commands/maps/tests/all-formats-validation.test.ts[2m > [22m[2mAll Format Types - Distribution Analysis[2m > [22m[2mcompares all formats for optimal distribution characteristics
[22m[39m
📊 Random (7 games) - 100 iterations:
  Average unique maps per run: 6.44/7 (92.0%)
  Average unique modes per run: 4.72/7 (67.4%)
  Total unique maps used: 9
  Total unique modes used: 5
  Map repeat rate: 8.0% (28/350)
  Mode repeat rate: 32.6% (114/350)
  Max map repeats in single run: 2
  Max mode repeats in single run: 3

[90mstdout[2m | api/services/halo/tests/all-formats-validation.test.ts[2m > [22m[2mAll Format Types - Distribution Analysis[2m > [22m[2mcompares all formats for optimal distribution characteristics
[22m[39m
📊 HCS (7 games) - 100 iterations:
  Average unique maps per run: 6.52/7 (93.1%)
  Average unique modes per run: 5.00/7 (71.4%)
  Total unique maps used: 9
  Total unique modes used: 5
  Map repeat rate: 6.9% (24/350)
  Mode repeat rate: 28.6% (100/350)
  Max map repeats in single run: 2
  Max mode repeats in single run: 3

[90mstdout[2m | api/services/halo/tests/all-formats-validation.test.ts[2m > [22m[2mAll Format Types - Distribution Analysis[2m > [22m[2mcompares all formats for optimal distribution characteristics
[22m[39m
📊 Random (7 games) - 100 iterations:
  Average unique maps per run: 6.42/7 (91.7%)
  Average unique modes per run: 4.68/7 (66.9%)
  Total unique maps used: 9
  Total unique modes used: 5
  Map repeat rate: 8.3% (29/350)
  Mode repeat rate: 33.1% (116/350)
  Max map repeats in single run: 2
  Max mode repeats in single run: 4

[90mstdout[2m | api/commands/maps/tests/all-formats-validation.test.ts[2m > [22m[2mAll Format Types - Distribution Analysis[2m > [22m[2mcompares all formats for optimal distribution characteristics
[22m[39m
📊 Random Objective (7 games) - 100 iterations:
  Average unique maps per run: 6.00/7 (85.7%)
  Average unique modes per run: 4.00/7 (57.1%)
  Total unique maps used: 7
  Total unique modes used: 4
  Map repeat rate: 14.3% (50/350)
  Mode repeat rate: 42.9% (150/350)
  Max map repeats in single run: 2
  Max mode repeats in single run: 2

[90mstdout[2m | api/services/halo/tests/all-formats-validation.test.ts[2m > [22m[2mAll Format Types - Distribution Analysis[2m > [22m[2mcompares all formats for optimal distribution characteristics
[22m[39m
📊 Random Objective (7 games) - 100 iterations:
  Average unique maps per run: 5.98/7 (85.4%)
  Average unique modes per run: 4.00/7 (57.1%)
  Total unique maps used: 7
  Total unique modes used: 4
  Map repeat rate: 14.6% (51/350)
  Mode repeat rate: 42.9% (150/350)
  Max map repeats in single run: 2
  Max mode repeats in single run: 2

[90mstdout[2m | api/commands/maps/tests/all-formats-validation.test.ts[2m > [22m[2mAll Format Types - Distribution Analysis[2m > [22m[2mcompares all formats for optimal distribution characteristics
[22m[39m
📊 Random Slayer (7 games) - 100 iterations:
  Average unique maps per run: 6.00/7 (85.7%)
  Average unique modes per run: 1.00/7 (14.3%)
  Total unique maps used: 6
  Total unique modes used: 1
  Map repeat rate: 14.3% (50/350)
  Mode repeat rate: 85.7% (300/350)
  Max map repeats in single run: 2
  Max mode repeats in single run: 7

🔍 COMPARATIVE ANALYSIS:
Format | Avg Maps | Avg Modes | Map Repeat % | Mode Repeat %
-------|----------|-----------|--------------|-------------
HCS    |      6.6 |       5.0 |         5.1% |         28.6%
Random |      6.4 |       4.7 |         8.0% |         32.6%
Random Objective |      6.0 |       4.0 |        14.3% |         42.9%
Random Slayer |      6.0 |       1.0 |        14.3% |         85.7%

[90mstdout[2m | api/services/halo/tests/all-formats-validation.test.ts[2m > [22m[2mAll Format Types - Distribution Analysis[2m > [22m[2mcompares all formats for optimal distribution characteristics
[22m[39m
📊 Random Slayer (7 games) - 100 iterations:
  Average unique maps per run: 6.00/7 (85.7%)
  Average unique modes per run: 1.00/7 (14.3%)
  Total unique maps used: 6
  Total unique modes used: 1
  Map repeat rate: 14.3% (50/350)
  Mode repeat rate: 85.7% (300/350)
  Max map repeats in single run: 2
  Max mode repeats in single run: 7

🔍 COMPARATIVE ANALYSIS:
Format | Avg Maps | Avg Modes | Map Repeat % | Mode Repeat %
-------|----------|-----------|--------------|-------------
HCS    |      6.5 |       5.0 |         6.9% |         28.6%
Random |      6.4 |       4.7 |         8.3% |         33.1%
Random Objective |      6.0 |       4.0 |        14.6% |         42.9%
Random Slayer |      6.0 |       1.0 |        14.3% |         85.7%

 [32m✓[39m [30m[46m api [49m[39m api/commands/maps/tests/all-formats-validation.test.ts [2m([22m[2m13 tests[22m[2m)[22m[33m 363[2mms[22m[39m
 [32m✓[39m [30m[46m api [49m[39m api/services/halo/tests/all-formats-validation.test.ts [2m([22m[2m13 tests[22m[2m)[22m[33m 366[2mms[22m[39m
 [32m✓[39m [30m[46m api [49m[39m api/services/discord/tests/discord.test.ts [2m([22m[2m88 tests[22m[2m)[22m[33m 389[2mms[22m[39m
 [32m✓[39m [30m[46m api [49m[39m api/commands/setup/tests/setup.test.ts [2m([22m[2m44 tests[22m[2m)[22m[33m 358[2mms[22m[39m
 [32m✓[39m [30m[46m api [49m[39m api/commands/connect/tests/connect.test.ts [2m([22m[2m63 tests[22m[2m)[22m[33m 577[2mms[22m[39m
[90mstderr[2m | api/tests/server.test.ts[2m > [22m[2mServer[2m > [22m[2mPOST /interactions[2m > [22m[2mreturns 500 on internal error
[22m[39mError: Internal failure
    at Server.<anonymous> [90m(/home/david/git/guilty-spark/[39mapi/tests/server.test.ts:1682:85[90m)[39m
    at Server.Mock [as installServices] [90m(file:///home/david/git/guilty-spark/[39mnode_modules/[4m@vitest/spy[24m/dist/index.js:332:34[90m)[39m
    at [90m/home/david/git/guilty-spark/[39mapi/server.ts:422:31
    at Object.fetch [90m(file:///home/david/git/guilty-spark/[39mnode_modules/[4mitty-router[24m/index.mjs:1:1272[90m)[39m
[90m    at processTicksAndRejections (node:internal/process/task_queues:103:5)[39m
    at [90m/home/david/git/guilty-spark/[39mapi/tests/server.test.ts:1707:20
Trace: 
    at /home/david/git/guilty-spark/api/server.ts:448:17
    at processTicksAndRejections (node:internal/process/task_queues:103:5)
    at Object.fetch (file:///home/david/git/guilty-spark/node_modules/itty-router/index.mjs:1:1266)
    at /home/david/git/guilty-spark/api/tests/server.test.ts:1707:20
    at file:///home/david/git/guilty-spark/node_modules/@vitest/runner/dist/chunk-artifact.js:1903:20

[90mstderr[2m | api/tests/server.test.ts[2m > [22m[2mServer[2m > [22m[2mPOST /neatqueue[2m > [22m[2mreturns 500 on internal error
[22m[39mError: Internal failure
    at Server.<anonymous> [90m(/home/david/git/guilty-spark/[39mapi/tests/server.test.ts:1798:80[90m)[39m
    at Server.Mock [as installServices] [90m(file:///home/david/git/guilty-spark/[39mnode_modules/[4m@vitest/spy[24m/dist/index.js:332:34[90m)[39m
    at [90m/home/david/git/guilty-spark/[39mapi/server.ts:456:31
    at Object.fetch [90m(file:///home/david/git/guilty-spark/[39mnode_modules/[4mitty-router[24m/index.mjs:1:1272[90m)[39m
[90m    at processTicksAndRejections (node:internal/process/task_queues:103:5)[39m
    at [90m/home/david/git/guilty-spark/[39mapi/tests/server.test.ts:1822:20
Trace: 
    at /home/david/git/guilty-spark/api/server.ts:481:17
    at processTicksAndRejections (node:internal/process/task_queues:103:5)
    at Object.fetch (file:///home/david/git/guilty-spark/node_modules/itty-router/index.mjs:1:1266)
    at /home/david/git/guilty-spark/api/tests/server.test.ts:1822:20
    at file:///home/david/git/guilty-spark/node_modules/@vitest/runner/dist/chunk-artifact.js:1903:20

[90mstderr[2m | api/tests/server.test.ts[2m > [22m[2mServer[2m > [22m[2mGET /ws/tracker/:guildId/:queueNumber[2m > [22m[2mreturns 500 on internal error
[22m[39mWebSocket route error: Error: DO error
    at Object.<anonymous> [90m(/home/david/git/guilty-spark/[39mapi/tests/server.test.ts:1842:15[90m)[39m
    at Object.idFromName [90m(file:///home/david/git/guilty-spark/[39mnode_modules/[4m@vitest/spy[24m/dist/index.js:332:34[90m)[39m
    at [90m/home/david/git/guilty-spark/[39mapi/server.ts:402:42
    at Object.fetch [90m(file:///home/david/git/guilty-spark/[39mnode_modules/[4mitty-router[24m/index.mjs:1:1272[90m)[39m
[90m    at processTicksAndRejections (node:internal/process/task_queues:103:5)[39m
    at [90m/home/david/git/guilty-spark/[39mapi/tests/server.test.ts:1846:20

 [31m❯[39m [30m[46m api [49m[39m api/tests/server.test.ts [2m([22m[2m54 tests[22m[2m | [22m[31m44 failed[39m[2m)[22m[32m 278[2mms[22m[39m
       [32m✓[39m responds with a welcome message containing the DISCORD_APP_ID[32m 16[2mms[22m[39m
       [32m✓[39m responds with 404[32m 6[2mms[22m[39m
[31m       [31m×[31m passes redirect query to authorization url generation[39m[32m 37[2mms[22m[39m
[31m       [31m×[31m sets cookie and redirects to pages url with callback redirect path[39m[32m 8[2mms[22m[39m
[31m       [31m×[31m auto-links xbox identity for the authenticated user[39m[32m 13[2mms[22m[39m
[31m       [31m×[31m returns 200 and clears the session cookie[39m[32m 4[2mms[22m[39m
[31m       [31m×[31m returns 500 with error message when clearSessionCookie throws[39m[32m 8[2mms[22m[39m
[31m       [31m×[31m returns 401 with authenticated false when no session cookie is present[39m[32m 6[2mms[22m[39m
[31m       [31m×[31m returns 401 with expired flag when session is expired and cannot be refreshed[39m[32m 4[2mms[22m[39m
[31m       [31m×[31m refreshes an expired session and reissues the session cookie[39m[32m 4[2mms[22m[39m
[31m       [31m×[31m clears the session cookie when refresh fails[39m[32m 2[2mms[22m[39m
[31m       [31m×[31m returns 200 with user info when session is valid[39m[32m 3[2mms[22m[39m
[31m       [31m×[31m returns avatarUrl when a linked xbox identity resolves a gamerpic[39m[32m 10[2mms[22m[39m
[31m       [31m×[31m returns 500 with error message when validateSession throws[39m[32m 2[2mms[22m[39m
[31m       [31m×[31m GET /api/individual-tracker/profile returns 401 when session is missing[39m[32m 1[2mms[22m[39m
[31m       [31m×[31m GET /api/individual-tracker/profile returns null profile when user has no profiles[39m[32m 3[2mms[22m[39m
[31m       [31m×[31m GET /api/individual-tracker/profile refreshes an expired session and rotates the cookie[39m[32m 2[2mms[22m[39m
[31m       [31m×[31m POST /api/individual-tracker/profile creates a profile for authenticated user[39m[32m 4[2mms[22m[39m
[31m       [31m×[31m PATCH /api/individual-tracker/profile returns 404 when profile is not owned by user[39m[32m 8[2mms[22m[39m
[31m       [31m×[31m POST /api/individual-tracker/games:add appends game to profile[39m[32m 2[2mms[22m[39m
[31m       [31m×[31m POST /api/individual-tracker/games:reorder returns 400 for mismatched payload[39m[32m 5[2mms[22m[39m
[31m       [31m×[31m POST /api/individual-tracker/:trackerId/games-sync forwards a single bulk payload to the DO[39m[32m 4[2mms[22m[39m
[31m       [31m×[31m POST /api/individual-tracker/:trackerId/refresh forwards owner refreshes to the DO[39m[32m 2[2mms[22m[39m
[31m       [31m×[31m POST /api/individual-tracker/:trackerId/series-groups-update forwards grouped-series labels to the DO[39m[32m 3[2mms[22m[39m
[31m       [31m×[31m GET /api/identities returns mapped identities for authenticated user[39m[32m 3[2mms[22m[39m
[31m       [31m×[31m POST /api/identities/link upserts active identity[39m[32m 9[2mms[22m[39m
[31m       [31m×[31m POST /api/identities/link rejects xbox identities without a valid xuid[39m[32m 3[2mms[22m[39m
[31m       [31m×[31m POST /api/identities/unlink deactivates owned identity[39m[32m 3[2mms[22m[39m
[31m       [31m×[31m GET /api/individual-tracker/streamer-view returns 200 with stored settings[39m[32m 3[2mms[22m[39m
[31m       [31m×[31m PATCH /api/individual-tracker/streamer-view upserts merged settings[39m[32m 3[2mms[22m[39m
[31m       [31m×[31m PATCH /api/individual-tracker/streamer-view returns 400 for invalid selectedSlayerStats[39m[32m 4[2mms[22m[39m
[31m       [31m×[31m PATCH /api/individual-tracker/streamer-view returns 400 for invalid fontSizes[39m[32m 4[2mms[22m[39m
[31m       [31m×[31m returns 200 using bot account when there is no session and no worker token[39m[32m 2[2mms[22m[39m
[31m       [31m×[31m returns 401 if x-proxy-auth header is invalid[39m[32m 2[2mms[22m[39m
[31m       [31m×[31m returns 403 if operation is not in allowlist[39m[32m 2[2mms[22m[39m
[31m       [31m×[31m returns 405 if HTTP method does not match operation[39m[32m 3[2mms[22m[39m
[31m       [31m×[31m returns 400 with invalid query arg JSON[39m[32m 2[2mms[22m[39m
[31m       [31m×[31m returns 200 and raw result for valid operation[39m[32m 4[2mms[22m[39m
[31m       [31m×[31m returns 200 and rotates session cookie when expired session is refreshed[39m[32m 5[2mms[22m[39m
[31m       [31m×[31m returns 200 using tracker owner token when trackerXuid query param resolves an active session[39m[32m 2[2mms[22m[39m
[31m       [31m×[31m returns 200 using bot account when trackerXuid does not match any active session[39m[32m 1[2mms[22m[39m
[31m       [31m×[31m returns 500 and error details if the operation throws[39m[32m 2[2mms[22m[39m
       [32m✓[39m returns 401 when Discord verification fails[32m 5[2mms[22m[39m
       [32m✓[39m handles PING interaction successfully[32m 6[2mms[22m[39m
       [32m✓[39m returns 500 on internal error[32m 7[2mms[22m[39m
       [32m✓[39m calls waitUntil when jobToComplete is provided[32m 6[2mms[22m[39m
       [32m✓[39m returns 401 when verification fails[32m 8[2mms[22m[39m
       [32m✓[39m returns 500 on internal error[32m 5[2mms[22m[39m
       [32m✓[39m returns 400 when queueNumber is not a valid number[32m 2[2mms[22m[39m
       [32m✓[39m returns 500 on internal error[32m 3[2mms[22m[39m
[31m       [31m×[31m returns not-found when xuid has no configured active xbox identity[39m[32m 8[2mms[22m[39m
[31m       [31m×[31m returns active tracker payload for configured xuid with active tracker[39m[32m 2[2mms[22m[39m
[31m       [31m×[31m returns streamer view defaults with player mode when active tracker xuid matches viewer[39m[32m 1[2mms[22m[39m
[31m       [31m×[31m forwards to the active tracker durable object instead of treating active as a trackerId[39m[32m 2[2mms[22m[39m
 [32m✓[39m [30m[46m api [49m[39m api/commands/stats/tests/stats.test.ts [2m([22m[2m51 tests[22m[2m)[22m[33m 591[2mms[22m[39m
 [32m✓[39m [30m[46m api [49m[39m api/services/neatqueue/tests/live-tracker-integration.test.ts [2m([22m[2m20 tests[22m[2m)[22m[32m 207[2mms[22m[39m
 [32m✓[39m [30m[46m api [49m[39m api/services/halo/tests/halo.test.ts [2m([22m[2m169 tests[22m[2m)[22m[33m 1485[2mms[22m[39m
 [32m✓[39m [30m[46m api [49m[39m api/services/halo/tests/round-robin.test.ts [2m([22m[2m21 tests[22m[2m)[22m[32m 99[2mms[22m[39m
 [32m✓[39m [30m[46m api [49m[39m api/services/neatqueue/tests/neatqueue.test.ts [2m([22m[2m76 tests[22m[2m)[22m[33m 992[2mms[22m[39m
[90mstdout[2m | api/services/halo/tests/consecutive-prevention.test.ts[2m > [22m[2mConsecutive Prevention Tests[2m > [22m[2mdemonstrates significant improvement in consecutive prevention
[22m[39m📊 Consecutive Analysis (50 runs):
  Back-to-back modes: 0 (avg 0.00 per run)
  Triple+ modes: 0
  Back-to-back maps: 0 (avg 0.00 per run)
  Triple+ maps: 0

[90mstdout[2m | api/services/halo/tests/consecutive-prevention.test.ts[2m > [22m[2mConsecutive Prevention Tests[2m > [22m[2mprevents clustering patterns in longer series (7 games)
[22m[39m📊 Clustering Analysis (30 runs of 7 games):
  Excessive mode clustering (>3 uses): 0/30 (0.0%)
  Excessive map clustering (>3 uses): 0/30 (0.0%)

 [32m✓[39m [30m[46m api [49m[39m api/services/halo/tests/consecutive-prevention.test.ts [2m([22m[2m5 tests[22m[2m)[22m[32m 108[2mms[22m[39m
 [32m✓[39m [30m[46m api [49m[39m api/durable-objects/tests/live-tracker-do.test.ts [2m([22m[2m107 tests[22m[2m)[22m[33m 1437[2mms[22m[39m
 [32m✓[39m [30m[46m api [49m[39m api/commands/maps/tests/round-robin.test.ts [2m([22m[2m21 tests[22m[2m)[22m[32m 114[2mms[22m[39m
[90mstdout[2m | api/commands/maps/tests/consecutive-prevention.test.ts[2m > [22m[2mConsecutive Prevention Tests[2m > [22m[2mdemonstrates significant improvement in consecutive prevention
[22m[39m📊 Consecutive Analysis (50 runs):
  Back-to-back modes: 0 (avg 0.00 per run)
  Triple+ modes: 0
  Back-to-back maps: 0 (avg 0.00 per run)
  Triple+ maps: 0

[90mstdout[2m | api/commands/maps/tests/consecutive-prevention.test.ts[2m > [22m[2mConsecutive Prevention Tests[2m > [22m[2mprevents clustering patterns in longer series (7 games)
[22m[39m📊 Clustering Analysis (30 runs of 7 games):
  Excessive mode clustering (>3 uses): 0/30 (0.0%)
  Excessive map clustering (>3 uses): 0/30 (0.0%)

 [32m✓[39m [30m[46m api [49m[39m api/commands/maps/tests/consecutive-prevention.test.ts [2m([22m[2m5 tests[22m[2m)[22m[32m 78[2mms[22m[39m
[90mstderr[2m | api/services/halo/tests/halo-infinite-client-proxy.test.ts[2m > [22m[2mcreateHaloInfiniteClientProxy[2m > [22m[2mthrows an error with message, stack, and name from proxy error response
[22m[39mRequestError: 400 from https://example.com/halo-infinite
    at handleProxyResponse [90m(/home/david/git/guilty-spark/[39mapi/services/halo/halo-infinite-client-proxy.ts:35:26[90m)[39m
[90m    at processTicksAndRejections (node:internal/process/task_queues:103:5)[39m
    at [90m/home/david/git/guilty-spark/[39mapi/services/halo/tests/halo-infinite-client-proxy.test.ts:73:7
    at [90mfile:///home/david/git/guilty-spark/[39mnode_modules/[4m@vitest/runner[24m/dist/chunk-artifact.js:1903:20 {
  url: [32m'https://example.com/halo-infinite'[39m,
  request: URL {
    href: [32m'https://example.com/halo-infinite'[39m,
    origin: [32m'https://example.com'[39m,
    protocol: [32m'https:'[39m,
    username: [32m''[39m,
    password: [32m''[39m,
    host: [32m'example.com'[39m,
    hostname: [32m'example.com'[39m,
    port: [32m''[39m,
    pathname: [32m'/halo-infinite'[39m,
    search: [32m''[39m,
    searchParams: URLSearchParams {},
    hash: [32m''[39m
  },
  response: Response {
    status: [33m400[39m,
    statusText: [32m'Error'[39m,
    headers: Headers { [32m'content-type'[39m: [32m'text/plain;charset=UTF-8'[39m },
    body: ReadableStream { locked: [33mfalse[39m, state: [32m'readable'[39m, supportsBYOB: [33mtrue[39m },
    bodyUsed: [33mfalse[39m,
    ok: [33mfalse[39m,
    redirected: [33mfalse[39m,
    type: [32m'default'[39m,
    url: [32m''[39m
  }
} {
  message: [32m'400 from https://example.com/halo-infinite'[39m,
  stack: [32m'proxy-stack'[39m,
  name: [32m'ProxyError'[39m
}

[90mstderr[2m | api/services/halo/tests/halo-infinite-client-proxy.test.ts[2m > [22m[2mcreateHaloInfiniteClientProxy[2m > [22m[2mthrows an error with the 'error' property if present in proxy error response
[22m[39mRequestError: 500 from https://example.com/halo-infinite
    at handleProxyResponse [90m(/home/david/git/guilty-spark/[39mapi/services/halo/halo-infinite-client-proxy.ts:35:26[90m)[39m
[90m    at processTicksAndRejections (node:internal/process/task_queues:103:5)[39m
    at [90m/home/david/git/guilty-spark/[39mapi/services/halo/tests/halo-infinite-client-proxy.test.ts:94:7
    at [90mfile:///home/david/git/guilty-spark/[39mnode_modules/[4m@vitest/runner[24m/dist/chunk-artifact.js:1903:20 {
  url: [32m'https://example.com/halo-infinite'[39m,
  request: URL {
    href: [32m'https://example.com/halo-infinite'[39m,
    origin: [32m'https://example.com'[39m,
    protocol: [32m'https:'[39m,
    username: [32m''[39m,
    password: [32m''[39m,
    host: [32m'example.com'[39m,
    hostname: [32m'example.com'[39m,
    port: [32m''[39m,
    pathname: [32m'/halo-infinite'[39m,
    search: [32m''[39m,
    searchParams: URLSearchParams {},
    hash: [32m''[39m
  },
  response: Response {
    status: [33m500[39m,
    statusText: [32m'Error'[39m,
    headers: Headers { [32m'content-type'[39m: [32m'text/plain;charset=UTF-8'[39m },
    body: ReadableStream { locked: [33mfalse[39m, state: [32m'readable'[39m, supportsBYOB: [33mtrue[39m },
    bodyUsed: [33mfalse[39m,
    ok: [33mfalse[39m,
    redirected: [33mfalse[39m,
    type: [32m'default'[39m,
    url: [32m''[39m
  }
} { error: [32m'Some proxy error'[39m }

 [32m✓[39m [30m[46m api [49m[39m api/services/halo/tests/halo-infinite-client-proxy.test.ts [2m([22m[2m4 tests[22m[2m)[22m[32m 85[2mms[22m[39m
 [32m✓[39m [30m[46m api [49m[39m api/services/halo/tests/player-matches-rate-limiter.test.ts [2m([22m[2m9 tests[22m[2m)[22m[32m 146[2mms[22m[39m
 [32m✓[39m [30m[46m api [49m[39m api/services/halo/tests/resilient-fetch.test.ts [2m([22m[2m24 tests[22m[2m)[22m[32m 162[2mms[22m[39m
 [32m✓[39m [30m[46m api [49m[39m api/services/xbox/tests/xbox.test.ts [2m([22m[2m20 tests[22m[2m)[22m[32m 132[2mms[22m[39m
 [32m✓[39m [30m[46m api [49m[39m api/embeds/stats/tests/series-players-embed.test.ts [2m([22m[2m3 tests[22m[2m)[22m[32m 94[2mms[22m[39m
 [32m✓[39m [30m[46m api [49m[39m api/commands/track/tests/track.test.ts [2m([22m[2m27 tests[22m[2m)[22m[32m 269[2mms[22m[39m
 [32m✓[39m [30m[46m api [49m[39m api/services/live-tracker/tests/live-tracker.test.ts [2m([22m[2m35 tests[22m[2m)[22m[32m 169[2mms[22m[39m
 [32m✓[39m [30m[46m api [49m[39m api/commands/maps/tests/maps.test.ts [2m([22m[2m31 tests[22m[2m)[22m[32m 210[2mms[22m[39m
 [32m✓[39m [30m[46m api [49m[39m api/embeds/stats/tests/strongholds-match-embed.test.ts [2m([22m[2m1 test[22m[2m)[22m[32m 55[2mms[22m[39m
 [32m✓[39m [30m[46m api [49m[39m api/embeds/stats/tests/fiesta-match-embed.test.ts [2m([22m[2m1 test[22m[2m)[22m[32m 56[2mms[22m[39m
 [32m✓[39m [30m[46m api [49m[39m api/embeds/stats/tests/koth-match-embed.test.ts [2m([22m[2m1 test[22m[2m)[22m[32m 58[2mms[22m[39m
 [32m✓[39m [30m[46m api [49m[39m api/services/halo/tests/skill-helpers.test.ts [2m([22m[2m30 tests[22m[2m)[22m[32m 32[2mms[22m[39m
 [32m✓[39m [30m[46m api [49m[39m api/commands/service-record/tests/service-record.test.ts [2m([22m[2m7 tests[22m[2m)[22m[32m 107[2mms[22m[39m
 [32m✓[39m [30m[46m api [49m[39m api/base/tests/end-user-error.test.ts [2m([22m[2m19 tests[22m[2m)[22m[32m 47[2mms[22m[39m
 [32m✓[39m [30m[46m api [49m[39m api/services/halo/tests/round-robin-analysis.test.ts [2m([22m[2m5 tests[22m[2m)[22m[32m 74[2mms[22m[39m
 [32m✓[39m [30m[46m api [49m[39m api/embeds/tests/live-tracker-embed.test.ts [2m([22m[2m30 tests[22m[2m)[22m[32m 68[2mms[22m[39m
 [32m✓[39m [30m[46m api [49m[39m api/embeds/service-record/tests/service-record-embed.test.ts [2m([22m[2m16 tests[22m[2m)[22m[32m 115[2mms[22m[39m
 [32m✓[39m [30m[46m api [49m[39m api/embeds/stats/tests/extraction-match-embed.test.ts [2m([22m[2m1 test[22m[2m)[22m[32m 69[2mms[22m[39m
 [32m✓[39m [30m[46m api [49m[39m api/embeds/stats/tests/vip-match-embed.test.ts [2m([22m[2m1 test[22m[2m)[22m[32m 99[2mms[22m[39m
 [32m✓[39m [30m[46m api [49m[39m api/embeds/stats/tests/series-overview-embed.test.ts [2m([22m[2m6 tests[22m[2m)[22m[32m 78[2mms[22m[39m
 [32m✓[39m [30m[46m api [49m[39m api/embeds/stats/tests/ctf-match-embed.test.ts [2m([22m[2m1 test[22m[2m)[22m[32m 76[2mms[22m[39m
 [32m✓[39m [30m[46m api [49m[39m api/embeds/stats/tests/oddball-match-embed.test.ts [2m([22m[2m1 test[22m[2m)[22m[32m 64[2mms[22m[39m
 [32m✓[39m [30m[46m api [49m[39m api/commands/maps/tests/round-robin-analysis.test.ts [2m([22m[2m5 tests[22m[2m)[22m[32m 97[2mms[22m[39m
 [32m✓[39m [30m[46m api [49m[39m api/services/log/tests/sentry-log-client.test.ts [2m([22m[2m14 tests[22m[2m)[22m[32m 36[2mms[22m[39m
 [32m✓[39m [30m[46m api [49m[39m api/embeds/stats/tests/total-control-match-embed.test.ts [2m([22m[2m1 test[22m[2m)[22m[32m 81[2mms[22m[39m
 [32m✓[39m [30m[46m api [49m[39m api/embeds/stats/tests/land-grab-match-embed.test.ts [2m([22m[2m1 test[22m[2m)[22m[32m 60[2mms[22m[39m
 [32m✓[39m [30m[46m api [49m[39m api/services/database/tests/database.test.ts [2m([22m[2m19 tests[22m[2m)[22m[32m 38[2mms[22m[39m
 [32m✓[39m [30m[46m api [49m[39m api/embeds/setup/tests/setup-add-neatqueue-embed.test.ts [2m([22m[2m3 tests[22m[2m)[22m[32m 48[2mms[22m[39m
 [32m✓[39m [30m[46m api [49m[39m api/embeds/stats/tests/infection-match-embed.test.ts [2m([22m[2m1 test[22m[2m)[22m[32m 52[2mms[22m[39m
 [32m✓[39m [30m[46m api [49m[39m api/embeds/stats/tests/grifball-match-embed.test.ts [2m([22m[2m1 test[22m[2m)[22m[32m 73[2mms[22m[39m
 [32m✓[39m [30m[46m api [49m[39m api/tests/contracts/live-tracker/parse.test.ts [2m([22m[2m40 tests[22m[2m)[22m[32m 36[2mms[22m[39m
 [32m✓[39m [30m[46m api [49m[39m api/tests/contracts/base/json-readers.test.ts [2m([22m[2m58 tests[22m[2m)[22m[32m 25[2mms[22m[39m
 [32m✓[39m [30m[46m api [49m[39m api/embeds/stats/tests/stockpile-match-embed.test.ts [2m([22m[2m1 test[22m[2m)[22m[32m 51[2mms[22m[39m
 [32m✓[39m [30m[46m api [49m[39m api/embeds/neatqueue/tests/neatqueue-players-embed.test.ts [2m([22m[2m10 tests[22m[2m)[22m[32m 56[2mms[22m[39m
 [32m✓[39m [30m[46m api [49m[39m api/embeds/stats/tests/minigame-match-embed.test.ts [2m([22m[2m1 test[22m[2m)[22m[32m 70[2mms[22m[39m
 [32m✓[39m [30m[46m api [49m[39m api/services/discord/tests/json-response.test.ts [2m([22m[2m2 tests[22m[2m)[22m[32m 19[2mms[22m[39m
 [32m✓[39m [30m[46m api [49m[39m api/embeds/stats/tests/escalation-match-embed.test.ts [2m([22m[2m1 test[22m[2m)[22m[32m 72[2mms[22m[39m
 [32m✓[39m [30m[46m api [49m[39m api/services/log/tests/console-log-client.test.ts [2m([22m[2m10 tests[22m[2m)[22m[32m 29[2mms[22m[39m
 [32m✓[39m [30m[46m api [49m[39m api/embeds/stats/tests/firefight-match-embed.test.ts [2m([22m[2m1 test[22m[2m)[22m[32m 45[2mms[22m[39m
 [32m✓[39m [30m[46m api [49m[39m api/services/log/tests/aggregator-client.test.ts [2m([22m[2m6 tests[22m[2m)[22m[32m 28[2mms[22m[39m
 [32m✓[39m [30m[46m api [49m[39m api/embeds/setup/tests/setup-edit-neatqueue-channel-embed.test.ts [2m([22m[2m3 tests[22m[2m)[22m[32m 11[2mms[22m[39m
 [32m✓[39m [30m[46m api [49m[39m api/embeds/stats/tests/unknown-match-embed.test.ts [2m([22m[2m1 test[22m[2m)[22m[32m 71[2mms[22m[39m
 [32m✓[39m [30m[46m api [49m[39m api/embeds/tests/live-tracker-loading-embed.test.ts [2m([22m[2m3 tests[22m[2m)[22m[32m 19[2mms[22m[39m
 [32m✓[39m [30m[46m api [49m[39m api/embeds/stats/tests/create.test.ts [2m([22m[2m19 tests[22m[2m)[22m[32m 39[2mms[22m[39m
 [32m✓[39m [30m[46m api [49m[39m api/embeds/setup/tests/setup-live-tracking-config-embed.test.ts [2m([22m[2m3 tests[22m[2m)[22m[32m 14[2mms[22m[39m
 [32m✓[39m [30m[46m api [49m[39m api/embeds/setup/tests/setup-edit-neatqueue-embed.test.ts [2m([22m[2m3 tests[22m[2m)[22m[32m 15[2mms[22m[39m
 [32m✓[39m [30m[46m api [49m[39m api/embeds/connect/tests/connect-success-embed.test.ts [2m([22m[2m3 tests[22m[2m)[22m[32m 10[2mms[22m[39m
 [32m✓[39m [30m[46m api [49m[39m api/embeds/setup/tests/setup-neatqueue-maps-config-embed.test.ts [2m([22m[2m3 tests[22m[2m)[22m[32m 18[2mms[22m[39m
 [32m✓[39m [30m[46m api [49m[39m api/base/tests/preconditions.test.ts [2m([22m[2m4 tests[22m[2m)[22m[32m 10[2mms[22m[39m
 [32m✓[39m [30m[46m api [49m[39m api/embeds/setup/tests/setup-neatqueue-integration-embed.test.ts [2m([22m[2m3 tests[22m[2m)[22m[32m 22[2mms[22m[39m
 [32m✓[39m [30m[46m api [49m[39m api/embeds/connect/tests/connect-main-embed.test.ts [2m([22m[2m3 tests[22m[2m)[22m[32m 23[2mms[22m[39m
 [32m✓[39m [30m[46m api [49m[39m api/embeds/stats/tests/slayer-match-embed.test.ts [2m([22m[2m1 test[22m[2m)[22m[32m 59[2mms[22m[39m
 [32m✓[39m [30m[46m api [49m[39m api/embeds/connect/tests/connect-loading-embed.test.ts [2m([22m[2m1 test[22m[2m)[22m[32m 8[2mms[22m[39m
 [32m✓[39m [30m[46m api [49m[39m api/embeds/setup/tests/setup-config-embed.test.ts [2m([22m[2m3 tests[22m[2m)[22m[32m 11[2mms[22m[39m
 [32m✓[39m [30m[46m api [49m[39m api/embeds/stats/tests/elimination-match-embed.test.ts [2m([22m[2m1 test[22m[2m)[22m[32m 112[2mms[22m[39m
 [32m✓[39m [30m[46m api [49m[39m api/embeds/setup/tests/setup-neatqueue-informer-embed.test.ts [2m([22m[2m3 tests[22m[2m)[22m[32m 17[2mms[22m[39m
 [32m✓[39m [30m[46m api [49m[39m api/embeds/setup/tests/setup-stats-display-mode-embed.test.ts [2m([22m[2m1 test[22m[2m)[22m[32m 13[2mms[22m[39m
 [32m✓[39m [30m[46m api [49m[39m api/base/tests/unreachable-error.test.ts [2m([22m[2m2 tests[22m[2m)[22m[32m 18[2mms[22m[39m
 [32m✓[39m [30m[46m api [49m[39m api/embeds/stats/tests/attrition-match-embed.test.ts [2m([22m[2m1 test[22m[2m)[22m[32m 68[2mms[22m[39m
 [32m✓[39m [30m[46m api [49m[39m api/embeds/tests/maps-embed.test.ts [2m([22m[2m6 tests[22m[2m)[22m[32m 40[2mms[22m[39m
 [32m✓[39m [30m[46m api [49m[39m api/commands/tests/commands.test.ts [2m([22m[2m3 tests[22m[2m)[22m[32m 42[2mms[22m[39m
 [32m✓[39m [30m[46m api [49m[39m api/services/halo/tests/custom-spartan-token-provider.test.ts [2m([22m[2m1 test[22m[2m)[22m[32m 23[2mms[22m[39m
 [32m✓[39m [30m[46m api [49m[39m api/embeds/connect/tests/connect-history-embed.test.ts [2m([22m[2m4 tests[22m[2m)[22m[32m 34[2mms[22m[39m
 [32m✓[39m [30m[42m pages [49m[39m pages/src/components/information-ticker/tests/information-ticker.test.tsx [2m([22m[2m13 tests[22m[2m)[22m[33m 502[2mms[22m[39m
 [32m✓[39m [30m[42m pages [49m[39m pages/src/components/stats/tests/match-stats.test.tsx [2m([22m[2m7 tests[22m[2m)[22m[33m 703[2mms[22m[39m
 [32m✓[39m [30m[42m pages [49m[39m pages/src/components/stats/tests/series-stats.test.tsx [2m([22m[2m10 tests[22m[2m)[22m[33m 805[2mms[22m[39m
 [32m✓[39m [30m[42m pages [49m[39m pages/src/components/player-pre-series-info/tests/player-pre-series-info.test.tsx [2m([22m[2m13 tests[22m[2m)[22m[33m 1162[2mms[22m[39m
     [33m[2m✓[22m[39m displays dash when last ranked game played is null [33m 458[2mms[22m[39m
 [32m✓[39m [30m[42m pages [49m[39m pages/src/components/table/tests/sortable-table.test.tsx [2m([22m[2m14 tests[22m[2m)[22m[33m 1638[2mms[22m[39m
     [33m[2m✓[22m[39m sorts data when clicking on sortable header [33m 563[2mms[22m[39m
     [33m[2m✓[22m[39m toggles sort direction on repeated clicks [33m 320[2mms[22m[39m
 [32m✓[39m [30m[42m pages [49m[39m pages/src/components/scrolling-content/tests/scrolling-content.test.tsx [2m([22m[2m10 tests[22m[2m)[22m[32m 181[2mms[22m[39m
 [32m✓[39m [30m[42m pages [49m[39m pages/src/components/dropdown/tests/dropdown.test.tsx [2m([22m[2m12 tests[22m[2m)[22m[33m 2618[2mms[22m[39m
     [33m[2m✓[22m[39m opens dropdown when trigger is clicked [33m 527[2mms[22m[39m
     [33m[2m✓[22m[39m closes dropdown when clicking outside [33m 478[2mms[22m[39m
     [33m[2m✓[22m[39m closes dropdown when Escape key is pressed [33m 343[2mms[22m[39m
     [33m[2m✓[22m[39m toggles dropdown on repeated trigger clicks [33m 387[2mms[22m[39m
     [33m[2m✓[22m[39m unmounts dropdown content when closed [33m 329[2mms[22m[39m
 [32m✓[39m [30m[42m pages [49m[39m pages/src/components/live-tracker/tests/live-tracker-context.test.tsx [2m([22m[2m23 tests[22m[2m)[22m[32m 248[2mms[22m[39m
[90mstderr[2m | pages/src/services/live-tracker/tests/live-tracker.test.ts[2m > [22m[2mRealLiveTrackerService[2m > [22m[2memits error status when WebSocket errors
[22m[39mWebSocket error Event { isTrusted: [36m[Getter][39m }

[90mstderr[2m | pages/src/services/live-tracker/tests/live-tracker.test.ts[2m > [22m[2mRealLiveTrackerService[2m > [22m[2mallows subscribing and unsubscribing status listeners
[22m[39mWebSocket error Event { isTrusted: [36m[Getter][39m }

 [32m✓[39m [30m[42m pages [49m[39m pages/src/services/live-tracker/tests/live-tracker.test.ts [2m([22m[2m19 tests[22m[2m)[22m[32m 243[2mms[22m[39m
 [32m✓[39m [30m[42m pages [49m[39m pages/src/components/live-tracker/settings/tests/use-streamer-settings.test.ts [2m([22m[2m10 tests[22m[2m)[22m[32m 177[2mms[22m[39m
 [32m✓[39m [30m[42m pages [49m[39m pages/src/components/stats/tests/series-player-stats-presenter.test.ts [2m([22m[2m13 tests[22m[2m)[22m[32m 75[2mms[22m[39m
 [32m✓[39m [30m[42m pages [49m[39m pages/src/components/tracker-initiation/tests/tracker-initiation-presenter.test.ts [2m([22m[2m31 tests[22m[2m)[22m[32m 59[2mms[22m[39m
 [32m✓[39m [30m[42m pages [49m[39m pages/src/components/stats/tests/series-team-stats-presenter.test.ts [2m([22m[2m13 tests[22m[2m)[22m[32m 69[2mms[22m[39m
 [32m✓[39m [30m[42m pages [49m[39m pages/src/services/tracker-initiation/tests/tracker-initiation.test.ts [2m([22m[2m13 tests[22m[2m)[22m[32m 48[2mms[22m[39m
 [32m✓[39m [30m[42m pages [49m[39m pages/src/components/stats/tests/base-match-stats-presenter.test.ts [2m([22m[2m13 tests[22m[2m)[22m[32m 119[2mms[22m[39m
 [32m✓[39m [30m[42m pages [49m[39m pages/src/components/live-tracker/streamer-overlay/tests/streamer-overlay.test.tsx [2m([22m[2m4 tests[22m[2m)[22m[33m 314[2mms[22m[39m
 [32m✓[39m [30m[42m pages [49m[39m pages/src/components/live-tracker/tests/individual-mode-matches.test.tsx [2m([22m[2m11 tests[22m[2m)[22m[33m 385[2mms[22m[39m
 [32m✓[39m [30m[42m pages [49m[39m pages/src/components/stats/tests/series-metadata.test.ts [2m([22m[2m5 tests[22m[2m)[22m[32m 62[2mms[22m[39m
 [32m✓[39m [30m[42m pages [49m[39m pages/src/components/live-tracker/tests/live-tracker-presenter.test.ts [2m([22m[2m3 tests[22m[2m)[22m[32m 34[2mms[22m[39m
 [32m✓[39m [30m[42m pages [49m[39m pages/src/components/live-tracker/tests/state-render-model.test.ts [2m([22m[2m1 test[22m[2m)[22m[32m 34[2mms[22m[39m
 [32m✓[39m [30m[42m pages [49m[39m pages/src/components/live-tracker/settings/tests/settings-url-params.test.ts [2m([22m[2m15 tests[22m[2m)[22m[32m 48[2mms[22m[39m
 [32m✓[39m [30m[42m shared [49m[39m shared/src/halo/tests/objective-stats.test.ts [2m([22m[2m14 tests[22m[2m)[22m[32m 113[2mms[22m[39m
 [32m✓[39m [30m[42m shared [49m[39m shared/src/halo/tests/slayer-stats.test.ts [2m([22m[2m21 tests[22m[2m)[22m[32m 130[2mms[22m[39m
 [32m✓[39m [30m[42m shared [49m[39m shared/src/halo/tests/rank.test.ts [2m([22m[2m6 tests[22m[2m)[22m[32m 17[2mms[22m[39m
 [32m✓[39m [30m[42m pages [49m[39m pages/src/components/stats/tests/base-series-stats-presenter.test.ts [2m([22m[2m17 tests[22m[2m)[22m[32m 37[2mms[22m[39m
 [32m✓[39m [30m[42m shared [49m[39m shared/src/halo/tests/series-core-stats.test.ts [2m([22m[2m7 tests[22m[2m)[22m[32m 17[2mms[22m[39m
 [32m✓[39m [30m[42m shared [49m[39m shared/src/halo/tests/match-stats.test.ts [2m([22m[2m3 tests[22m[2m)[22m[32m 14[2mms[22m[39m
 [32m✓[39m [30m[42m shared [49m[39m shared/src/halo/tests/duration.test.ts [2m([22m[2m3 tests[22m[2m)[22m[32m 9[2mms[22m[39m
 [32m✓[39m [30m[42m shared [49m[39m shared/src/halo/tests/medals.test.ts [2m([22m[2m4 tests[22m[2m)[22m[32m 12[2mms[22m[39m
 [32m✓[39m [30m[42m shared [49m[39m shared/src/halo/tests/series-player.test.ts [2m([22m[2m2 tests[22m[2m)[22m[32m 11[2mms[22m[39m
 [32m✓[39m [30m[42m pages [49m[39m pages/src/components/tracker-initiation/tests/tracker-initiation-store.test.ts [2m([22m[2m9 tests[22m[2m)[22m[32m 13[2mms[22m[39m
 [32m✓[39m [30m[42m pages [49m[39m pages/src/components/stats/tests/medals-sorting.test.ts [2m([22m[2m12 tests[22m[2m)[22m[32m 18[2mms[22m[39m
 [32m✓[39m [30m[42m pages [49m[39m pages/src/services/live-tracker/fakes/tests/live-tracker.fake.test.ts [2m([22m[2m1 test[22m[2m)[22m[32m 5[2mms[22m[39m
 [32m✓[39m [30m[42m pages [49m[39m pages/src/pages/_tests/tracker.test.tsx [2m([22m[2m1 test[22m[2m)[22m[33m 584[2mms[22m[39m
     [33m[2m✓[22m[39m boots the tracker island via the services installer [33m 581[2mms[22m[39m
 [32m✓[39m [30m[42m pages [49m[39m pages/src/components/live-tracker/tests/live-tracker.test.tsx [2m([22m[2m2 tests[22m[2m)[22m[32m 137[2mms[22m[39m

[31m⎯⎯⎯⎯⎯⎯[39m[1m[41m Failed Tests 44 [49m[22m[31m⎯⎯⎯⎯⎯⎯⎯[39m

[41m[1m FAIL [22m[49m [30m[46m api [49m[39m api/tests/server.test.ts[2m > [22mServer[2m > [22mGET /auth/microsoft/start[2m > [22mpasses redirect query to authorization url generation
[31m[1mAssertionError[22m: expected 404 to be 200 // Object.is equality[39m

[32m- Expected[39m
[31m+ Received[39m

[32m- 200[39m
[31m+ 404[39m

[36m [2m❯[22m api/tests/server.test.ts:[2m92:26[22m[39m
    [90m 90|[39m       [35mconst[39m res [33m=[39m ([35mawait[39m server[33m.[39mrouter[33m.[39m[34mfetch[39m(req[33m,[39m env)) [35mas[39m [33mResponse[39m[33m;[39m
    [90m 91|[39m
    [90m 92|[39m       [34mexpect[39m(res[33m.[39mstatus)[33m.[39m[34mtoBe[39m([34m200[39m)[33m;[39m
    [90m   |[39m                          [31m^[39m
    [90m 93|[39m       const body = await res.json<{ authUrl: string; state: string }>(…
    [90m 94|[39m       expect(body).toEqual({ authUrl: "https://login.microsoftonline.c…

[31m[2m⎯⎯⎯⎯⎯⎯⎯⎯⎯⎯⎯⎯⎯⎯⎯⎯⎯⎯⎯⎯⎯⎯⎯[1/44]⎯[22m[39m

[41m[1m FAIL [22m[49m [30m[46m api [49m[39m api/tests/server.test.ts[2m > [22mServer[2m > [22mGET /auth/microsoft/callback[2m > [22msets cookie and redirects to pages url with callback redirect path
[31m[1mAssertionError[22m: expected 404 to be 302 // Object.is equality[39m

[32m- Expected[39m
[31m+ Received[39m

[32m- 302[39m
[31m+ 404[39m

[36m [2m❯[22m api/tests/server.test.ts:[2m134:26[22m[39m
    [90m132|[39m       [35mconst[39m res [33m=[39m ([35mawait[39m server[33m.[39mrouter[33m.[39m[34mfetch[39m(req[33m,[39m env)) [35mas[39m [33mResponse[39m[33m;[39m
    [90m133|[39m
    [90m134|[39m       [34mexpect[39m(res[33m.[39mstatus)[33m.[39m[34mtoBe[39m([34m302[39m)[33m;[39m
    [90m   |[39m                          [31m^[39m
    [90m135|[39m       expect(res.headers.get("Location")).toBe("http://localhost:4321/…
    [90m136|[39m       [34mexpect[39m(res[33m.[39mheaders[33m.[39m[35mget[39m([32m"Set-Cookie"[39m))[33m.[39m[34mtoContain[39m([32m"auth-session="[39m)[33m;[39m

[31m[2m⎯⎯⎯⎯⎯⎯⎯⎯⎯⎯⎯⎯⎯⎯⎯⎯⎯⎯⎯⎯⎯⎯⎯[2/44]⎯[22m[39m

[41m[1m FAIL [22m[49m [30m[46m api [49m[39m api/tests/server.test.ts[2m > [22mServer[2m > [22mGET /auth/microsoft/callback[2m > [22mauto-links xbox identity for the authenticated user
[31m[1mError[22m: The property "getUserFromMicrosoftAccessToken" is not defined on the object.[39m
[36m [2m❯[22m api/tests/server.test.ts:[2m142:51[22m[39m
    [90m140|[39m       vi.spyOn(crypto, "randomUUID").mockReturnValue("identity-uuid-1"…
    [90m141|[39m       [35mlet[39m capturedServices [33m=[39m [34minstallFakeServicesWith[39m({ env })[33m;[39m
    [90m142|[39m       [35mlet[39m getUserFromMicrosoftAccessTokenSpy [33m=[39m vi[33m.[39m[34mspyOn[39m(
    [90m   |[39m                                                   [31m^[39m
    [90m143|[39m         capturedServices[33m.[39mxboxService[33m,[39m
    [90m144|[39m         [32m"getUserFromMicrosoftAccessToken"[39m[33m,[39m

[31m[2m⎯⎯⎯⎯⎯⎯⎯⎯⎯⎯⎯⎯⎯⎯⎯⎯⎯⎯⎯⎯⎯⎯⎯[3/44]⎯[22m[39m

[41m[1m FAIL [22m[49m [30m[46m api [49m[39m api/tests/server.test.ts[2m > [22mServer[2m > [22mPOST /auth/logout[2m > [22mreturns 200 and clears the session cookie
[31m[1mAssertionError[22m: expected 404 to be 200 // Object.is equality[39m

[32m- Expected[39m
[31m+ Received[39m

[32m- 200[39m
[31m+ 404[39m

[36m [2m❯[22m api/tests/server.test.ts:[2m204:26[22m[39m
    [90m202|[39m       const req = new Request("http://localhost/auth/logout", { method…
    [90m203|[39m       [35mconst[39m res [33m=[39m ([35mawait[39m server[33m.[39mrouter[33m.[39m[34mfetch[39m(req[33m,[39m env)) [35mas[39m [33mResponse[39m[33m;[39m
    [90m204|[39m       [34mexpect[39m(res[33m.[39mstatus)[33m.[39m[34mtoBe[39m([34m200[39m)[33m;[39m
    [90m   |[39m                          [31m^[39m
    [90m205|[39m       [35mconst[39m body [33m=[39m [35mawait[39m res[33m.[39mjson[33m<[39m{ success[33m:[39m boolean }[33m>[39m()[33m;[39m
    [90m206|[39m       [34mexpect[39m(body)[33m.[39m[34mtoEqual[39m({ success[33m:[39m [35mtrue[39m })[33m;[39m

[31m[2m⎯⎯⎯⎯⎯⎯⎯⎯⎯⎯⎯⎯⎯⎯⎯⎯⎯⎯⎯⎯⎯⎯⎯[4/44]⎯[22m[39m

[41m[1m FAIL [22m[49m [30m[46m api [49m[39m api/tests/server.test.ts[2m > [22mServer[2m > [22mPOST /auth/logout[2m > [22mreturns 500 with error message when clearSessionCookie throws
[31m[1mAssertionError[22m: expected 404 to be 500 // Object.is equality[39m

[32m- Expected[39m
[31m+ Received[39m

[32m- 500[39m
[31m+ 404[39m

[36m [2m❯[22m api/tests/server.test.ts:[2m227:26[22m[39m
    [90m225|[39m       const req = new Request("http://localhost/auth/logout", { method…
    [90m226|[39m       [35mconst[39m res [33m=[39m ([35mawait[39m server[33m.[39mrouter[33m.[39m[34mfetch[39m(req[33m,[39m env)) [35mas[39m [33mResponse[39m[33m;[39m
    [90m227|[39m       [34mexpect[39m(res[33m.[39mstatus)[33m.[39m[34mtoBe[39m([34m500[39m)[33m;[39m
    [90m   |[39m                          [31m^[39m
    [90m228|[39m       [35mconst[39m body [33m=[39m [35mawait[39m res[33m.[39mjson[33m<[39m{ error[33m:[39m string }[33m>[39m()[33m;[39m
    [90m229|[39m       [34mexpect[39m(body)[33m.[39m[34mtoEqual[39m({ error[33m:[39m [32m"Logout failed"[39m })[33m;[39m

[31m[2m⎯⎯⎯⎯⎯⎯⎯⎯⎯⎯⎯⎯⎯⎯⎯⎯⎯⎯⎯⎯⎯⎯⎯[5/44]⎯[22m[39m

[41m[1m FAIL [22m[49m [30m[46m api [49m[39m api/tests/server.test.ts[2m > [22mServer[2m > [22mGET /auth/session[2m > [22mreturns 401 with authenticated false when no session cookie is present
[31m[1mAssertionError[22m: expected 404 to be 401 // Object.is equality[39m

[32m- Expected[39m
[31m+ Received[39m

[32m- 401[39m
[31m+ 404[39m

[36m [2m❯[22m api/tests/server.test.ts:[2m241:26[22m[39m
    [90m239|[39m       const req = new Request("http://localhost/auth/session", { metho…
    [90m240|[39m       [35mconst[39m res [33m=[39m ([35mawait[39m server[33m.[39mrouter[33m.[39m[34mfetch[39m(req[33m,[39m env)) [35mas[39m [33mResponse[39m[33m;[39m
    [90m241|[39m       [34mexpect[39m(res[33m.[39mstatus)[33m.[39m[34mtoBe[39m([34m401[39m)[33m;[39m
    [90m   |[39m                          [31m^[39m
    [90m242|[39m       [35mconst[39m body [33m=[39m [35mawait[39m res[33m.[39mjson[33m<[39m{ authenticated[33m:[39m boolean }[33m>[39m()[33m;[39m
    [90m243|[39m       [34mexpect[39m(body)[33m.[39m[34mtoEqual[39m({ authenticated[33m:[39m [35mfalse[39m })[33m;[39m

[31m[2m⎯⎯⎯⎯⎯⎯⎯⎯⎯⎯⎯⎯⎯⎯⎯⎯⎯⎯⎯⎯⎯⎯⎯[6/44]⎯[22m[39m

[41m[1m FAIL [22m[49m [30m[46m api [49m[39m api/tests/server.test.ts[2m > [22mServer[2m > [22mGET /auth/session[2m > [22mreturns 401 with expired flag when session is expired and cannot be refreshed
[31m[1mAssertionError[22m: expected 404 to be 401 // Object.is equality[39m

[32m- Expected[39m
[31m+ Received[39m

[32m- 401[39m
[31m+ 404[39m

[36m [2m❯[22m api/tests/server.test.ts:[2m265:26[22m[39m
    [90m263|[39m       const req = new Request("http://localhost/auth/session", { metho…
    [90m264|[39m       [35mconst[39m res [33m=[39m ([35mawait[39m server[33m.[39mrouter[33m.[39m[34mfetch[39m(req[33m,[39m env)) [35mas[39m [33mResponse[39m[33m;[39m
    [90m265|[39m       [34mexpect[39m(res[33m.[39mstatus)[33m.[39m[34mtoBe[39m([34m401[39m)[33m;[39m
    [90m   |[39m                          [31m^[39m
    [90m266|[39m       const body = await res.json<{ authenticated: boolean; expired: b…
    [90m267|[39m       [34mexpect[39m(body)[33m.[39m[34mtoEqual[39m({ authenticated[33m:[39m [35mfalse[39m[33m,[39m expired[33m:[39m [35mtrue[39m })[33m;[39m

[31m[2m⎯⎯⎯⎯⎯⎯⎯⎯⎯⎯⎯⎯⎯⎯⎯⎯⎯⎯⎯⎯⎯⎯⎯[7/44]⎯[22m[39m

[41m[1m FAIL [22m[49m [30m[46m api [49m[39m api/tests/server.test.ts[2m > [22mServer[2m > [22mGET /auth/session[2m > [22mrefreshes an expired session and reissues the session cookie
[31m[1mAssertionError[22m: expected 404 to be 200 // Object.is equality[39m

[32m- Expected[39m
[31m+ Received[39m

[32m- 200[39m
[31m+ 404[39m

[36m [2m❯[22m api/tests/server.test.ts:[2m305:26[22m[39m
    [90m303|[39m       [35mconst[39m res [33m=[39m ([35mawait[39m server[33m.[39mrouter[33m.[39m[34mfetch[39m(req[33m,[39m env)) [35mas[39m [33mResponse[39m[33m;[39m
    [90m304|[39m
    [90m305|[39m       [34mexpect[39m(res[33m.[39mstatus)[33m.[39m[34mtoBe[39m([34m200[39m)[33m;[39m
    [90m   |[39m                          [31m^[39m
    [90m306|[39m       [35mawait[39m [34mexpect[39m(res[33m.[39m[34mjson[39m())[33m.[39mresolves[33m.[39m[34mtoEqual[39m({
    [90m307|[39m         authenticated[33m:[39m [35mtrue[39m[33m,[39m

[31m[2m⎯⎯⎯⎯⎯⎯⎯⎯⎯⎯⎯⎯⎯⎯⎯⎯⎯⎯⎯⎯⎯⎯⎯[8/44]⎯[22m[39m

[41m[1m FAIL [22m[49m [30m[46m api [49m[39m api/tests/server.test.ts[2m > [22mServer[2m > [22mGET /auth/session[2m > [22mclears the session cookie when refresh fails
[31m[1mAssertionError[22m: expected 404 to be 401 // Object.is equality[39m

[32m- Expected[39m
[31m+ Received[39m

[32m- 401[39m
[31m+ 404[39m

[36m [2m❯[22m api/tests/server.test.ts:[2m344:26[22m[39m
    [90m342|[39m       [35mconst[39m res [33m=[39m ([35mawait[39m server[33m.[39mrouter[33m.[39m[34mfetch[39m(req[33m,[39m env)) [35mas[39m [33mResponse[39m[33m;[39m
    [90m343|[39m
    [90m344|[39m       [34mexpect[39m(res[33m.[39mstatus)[33m.[39m[34mtoBe[39m([34m401[39m)[33m;[39m
    [90m   |[39m                          [31m^[39m
    [90m345|[39m       await expect(res.json()).resolves.toEqual({ authenticated: false…
    [90m346|[39m       [34mexpect[39m(res[33m.[39mheaders[33m.[39m[35mget[39m([32m"Set-Cookie"[39m))[33m.[39m[34mtoContain[39m([32m"Max-Age=0"[39m)[33m;[39m

[31m[2m⎯⎯⎯⎯⎯⎯⎯⎯⎯⎯⎯⎯⎯⎯⎯⎯⎯⎯⎯⎯⎯⎯⎯[9/44]⎯[22m[39m

[41m[1m FAIL [22m[49m [30m[46m api [49m[39m api/tests/server.test.ts[2m > [22mServer[2m > [22mGET /auth/session[2m > [22mreturns 200 with user info when session is valid
[31m[1mAssertionError[22m: expected 404 to be 200 // Object.is equality[39m

[32m- Expected[39m
[31m+ Received[39m

[32m- 200[39m
[31m+ 404[39m

[36m [2m❯[22m api/tests/server.test.ts:[2m369:26[22m[39m
    [90m367|[39m       const req = new Request("http://localhost/auth/session", { metho…
    [90m368|[39m       [35mconst[39m res [33m=[39m ([35mawait[39m server[33m.[39mrouter[33m.[39m[34mfetch[39m(req[33m,[39m env)) [35mas[39m [33mResponse[39m[33m;[39m
    [90m369|[39m       [34mexpect[39m(res[33m.[39mstatus)[33m.[39m[34mtoBe[39m([34m200[39m)[33m;[39m
    [90m   |[39m                          [31m^[39m
    [90m370|[39m       [35mconst[39m body [33m=[39m [35mawait[39m res[33m.[39mjson[33m<[39m{
    [90m371|[39m         authenticated[33m:[39m boolean[33m;[39m

[31m[2m⎯⎯⎯⎯⎯⎯⎯⎯⎯⎯⎯⎯⎯⎯⎯⎯⎯⎯⎯⎯⎯⎯[10/44]⎯[22m[39m

[41m[1m FAIL [22m[49m [30m[46m api [49m[39m api/tests/server.test.ts[2m > [22mServer[2m > [22mGET /auth/session[2m > [22mreturns avatarUrl when a linked xbox identity resolves a gamerpic
[31m[1mAssertionError[22m: expected 404 to be 200 // Object.is equality[39m

[32m- Expected[39m
[31m+ Received[39m

[32m- 200[39m
[31m+ 404[39m

[36m [2m❯[22m api/tests/server.test.ts:[2m431:26[22m[39m
    [90m429|[39m       [35mconst[39m res [33m=[39m ([35mawait[39m server[33m.[39mrouter[33m.[39m[34mfetch[39m(req[33m,[39m env)) [35mas[39m [33mResponse[39m[33m;[39m
    [90m430|[39m
    [90m431|[39m       [34mexpect[39m(res[33m.[39mstatus)[33m.[39m[34mtoBe[39m([34m200[39m)[33m;[39m
    [90m   |[39m                          [31m^[39m
    [90m432|[39m       [35mawait[39m [34mexpect[39m(res[33m.[39m[34mjson[39m())[33m.[39mresolves[33m.[39m[34mtoEqual[39m({
    [90m433|[39m         authenticated[33m:[39m [35mtrue[39m[33m,[39m

[31m[2m⎯⎯⎯⎯⎯⎯⎯⎯⎯⎯⎯⎯⎯⎯⎯⎯⎯⎯⎯⎯⎯⎯[11/44]⎯[22m[39m

[41m[1m FAIL [22m[49m [30m[46m api [49m[39m api/tests/server.test.ts[2m > [22mServer[2m > [22mGET /auth/session[2m > [22mreturns 500 with error message when validateSession throws
[31m[1mAssertionError[22m: expected 404 to be 500 // Object.is equality[39m

[32m- Expected[39m
[31m+ Received[39m

[32m- 500[39m
[31m+ 404[39m

[36m [2m❯[22m api/tests/server.test.ts:[2m456:26[22m[39m
    [90m454|[39m       const req = new Request("http://localhost/auth/session", { metho…
    [90m455|[39m       [35mconst[39m res [33m=[39m ([35mawait[39m server[33m.[39mrouter[33m.[39m[34mfetch[39m(req[33m,[39m env)) [35mas[39m [33mResponse[39m[33m;[39m
    [90m456|[39m       [34mexpect[39m(res[33m.[39mstatus)[33m.[39m[34mtoBe[39m([34m500[39m)[33m;[39m
    [90m   |[39m                          [31m^[39m
    [90m457|[39m       [35mconst[39m body [33m=[39m [35mawait[39m res[33m.[39mjson[33m<[39m{ error[33m:[39m string }[33m>[39m()[33m;[39m
    [90m458|[39m       [34mexpect[39m(body)[33m.[39m[34mtoEqual[39m({ error[33m:[39m [32m"Failed to retrieve session"[39m })[33m;[39m

[31m[2m⎯⎯⎯⎯⎯⎯⎯⎯⎯⎯⎯⎯⎯⎯⎯⎯⎯⎯⎯⎯⎯⎯[12/44]⎯[22m[39m

[41m[1m FAIL [22m[49m [30m[46m api [49m[39m api/tests/server.test.ts[2m > [22mServer[2m > [22m/api/individual-tracker[2m > [22mGET /api/individual-tracker/profile returns 401 when session is missing
[31m[1mAssertionError[22m: expected 404 to be 401 // Object.is equality[39m

[32m- Expected[39m
[31m+ Received[39m

[32m- 401[39m
[31m+ 404[39m

[36m [2m❯[22m api/tests/server.test.ts:[2m467:26[22m[39m
    [90m465|[39m       [35mconst[39m res [33m=[39m ([35mawait[39m server[33m.[39mrouter[33m.[39m[34mfetch[39m(req[33m,[39m env)) [35mas[39m [33mResponse[39m[33m;[39m
    [90m466|[39m
    [90m467|[39m       [34mexpect[39m(res[33m.[39mstatus)[33m.[39m[34mtoBe[39m([34m401[39m)[33m;[39m
    [90m   |[39m                          [31m^[39m
    [90m468|[39m       [34mexpect[39m([35mawait[39m res[33m.[39m[34mtext[39m())[33m.[39m[34mtoBe[39m([32m"Unauthorized"[39m)[33m;[39m
    [90m469|[39m     })[33m;[39m

[31m[2m⎯⎯⎯⎯⎯⎯⎯⎯⎯⎯⎯⎯⎯⎯⎯⎯⎯⎯⎯⎯⎯⎯[13/44]⎯[22m[39m

[41m[1m FAIL [22m[49m [30m[46m api [49m[39m api/tests/server.test.ts[2m > [22mServer[2m > [22m/api/individual-tracker[2m > [22mGET /api/individual-tracker/profile returns null profile when user has no profiles
[31m[1mAssertionError[22m: expected 404 to be 200 // Object.is equality[39m

[32m- Expected[39m
[31m+ Received[39m

[32m- 200[39m
[31m+ 404[39m

[36m [2m❯[22m api/tests/server.test.ts:[2m493:26[22m[39m
    [90m491|[39m       [35mconst[39m res [33m=[39m ([35mawait[39m server[33m.[39mrouter[33m.[39m[34mfetch[39m(req[33m,[39m env)) [35mas[39m [33mResponse[39m[33m;[39m
    [90m492|[39m
    [90m493|[39m       [34mexpect[39m(res[33m.[39mstatus)[33m.[39m[34mtoBe[39m([34m200[39m)[33m;[39m
    [90m   |[39m                          [31m^[39m
    [90m494|[39m       await expect(res.json()).resolves.toEqual({ profile: null, games…
    [90m495|[39m     })[33m;[39m

[31m[2m⎯⎯⎯⎯⎯⎯⎯⎯⎯⎯⎯⎯⎯⎯⎯⎯⎯⎯⎯⎯⎯⎯[14/44]⎯[22m[39m

[41m[1m FAIL [22m[49m [30m[46m api [49m[39m api/tests/server.test.ts[2m > [22mServer[2m > [22m/api/individual-tracker[2m > [22mGET /api/individual-tracker/profile refreshes an expired session and rotates the cookie
[31m[1mAssertionError[22m: expected 404 to be 200 // Object.is equality[39m

[32m- Expected[39m
[31m+ Received[39m

[32m- 200[39m
[31m+ 404[39m

[36m [2m❯[22m api/tests/server.test.ts:[2m529:26[22m[39m
    [90m527|[39m       [35mconst[39m res [33m=[39m ([35mawait[39m server[33m.[39mrouter[33m.[39m[34mfetch[39m(req[33m,[39m env)) [35mas[39m [33mResponse[39m[33m;[39m
    [90m528|[39m
    [90m529|[39m       [34mexpect[39m(res[33m.[39mstatus)[33m.[39m[34mtoBe[39m([34m200[39m)[33m;[39m
    [90m   |[39m                          [31m^[39m
    [90m530|[39m       await expect(res.json()).resolves.toEqual({ profile: null, games…
    [90m531|[39m       expect(res.headers.get("Set-Cookie")).toContain("auth-session=ro…

[31m[2m⎯⎯⎯⎯⎯⎯⎯⎯⎯⎯⎯⎯⎯⎯⎯⎯⎯⎯⎯⎯⎯⎯[15/44]⎯[22m[39m

[41m[1m FAIL [22m[49m [30m[46m api [49m[39m api/tests/server.test.ts[2m > [22mServer[2m > [22m/api/individual-tracker[2m > [22mPOST /api/individual-tracker/profile creates a profile for authenticated user
[31m[1mAssertionError[22m: expected 404 to be 201 // Object.is equality[39m

[32m- Expected[39m
[31m+ Received[39m

[32m- 201[39m
[31m+ 404[39m

[36m [2m❯[22m api/tests/server.test.ts:[2m559:26[22m[39m
    [90m557|[39m       [35mconst[39m res [33m=[39m ([35mawait[39m server[33m.[39mrouter[33m.[39m[34mfetch[39m(req[33m,[39m env)) [35mas[39m [33mResponse[39m[33m;[39m
    [90m558|[39m
    [90m559|[39m       [34mexpect[39m(res[33m.[39mstatus)[33m.[39m[34mtoBe[39m([34m201[39m)[33m;[39m
    [90m   |[39m                          [31m^[39m
    [90m560|[39m       const body = await res.json<{ profile: { ProfileId: string; User…
    [90m561|[39m       [34mexpect[39m(body[33m.[39mprofile[33m.[39m[33mProfileId[39m)[33m.[39m[34mtoBe[39m([32m"profile-uuid-1"[39m)[33m;[39m

[31m[2m⎯⎯⎯⎯⎯⎯⎯⎯⎯⎯⎯⎯⎯⎯⎯⎯⎯⎯⎯⎯⎯⎯[16/44]⎯[22m[39m

[41m[1m FAIL [22m[49m [30m[46m api [49m[39m api/tests/server.test.ts[2m > [22mServer[2m > [22m/api/individual-tracker[2m > [22mPATCH /api/individual-tracker/profile returns 404 when profile is not owned by user
[31m[1mAssertionError[22m: expected 'Not Found.' to be 'Profile not found' // Object.is equality[39m

Expected: [32m"[7mProfile n[27mot [7mf[27mound"[39m
Received: [31m"[7mN[27mot [7mF[27mound[7m.[27m"[39m

[36m [2m❯[22m api/tests/server.test.ts:[2m599:32[22m[39m
    [90m597|[39m
    [90m598|[39m       [34mexpect[39m(res[33m.[39mstatus)[33m.[39m[34mtoBe[39m([34m404[39m)[33m;[39m
    [90m599|[39m       [34mexpect[39m([35mawait[39m res[33m.[39m[34mtext[39m())[33m.[39m[34mtoBe[39m([32m"Profile not found"[39m)[33m;[39m
    [90m   |[39m                                [31m^[39m
    [90m600|[39m     })[33m;[39m
    [90m601|[39m

[31m[2m⎯⎯⎯⎯⎯⎯⎯⎯⎯⎯⎯⎯⎯⎯⎯⎯⎯⎯⎯⎯⎯⎯[17/44]⎯[22m[39m

[41m[1m FAIL [22m[49m [30m[46m api [49m[39m api/tests/server.test.ts[2m > [22mServer[2m > [22m/api/individual-tracker[2m > [22mPOST /api/individual-tracker/games:add appends game to profile
[31m[1mAssertionError[22m: expected 404 to be 200 // Object.is equality[39m

[32m- Expected[39m
[31m+ Received[39m

[32m- 200[39m
[31m+ 404[39m

[36m [2m❯[22m api/tests/server.test.ts:[2m648:26[22m[39m
    [90m646|[39m       [35mconst[39m res [33m=[39m ([35mawait[39m server[33m.[39mrouter[33m.[39m[34mfetch[39m(req[33m,[39m env)) [35mas[39m [33mResponse[39m[33m;[39m
    [90m647|[39m
    [90m648|[39m       [34mexpect[39m(res[33m.[39mstatus)[33m.[39m[34mtoBe[39m([34m200[39m)[33m;[39m
    [90m   |[39m                          [31m^[39m
    [90m649|[39m       [35mconst[39m body [33m=[39m [35mawait[39m res[33m.[39mjson[33m<[39m{ games[33m:[39m { [33mMatchId[39m[33m:[39m string }[] }[33m>[39m()[33m;[39m
    [90m650|[39m       [34mexpect[39m(body[33m.[39mgames[[34m0[39m][33m?.[39m[33mMatchId[39m)[33m.[39m[34mtoBe[39m([32m"match-1"[39m)[33m;[39m

[31m[2m⎯⎯⎯⎯⎯⎯⎯⎯⎯⎯⎯⎯⎯⎯⎯⎯⎯⎯⎯⎯⎯⎯[18/44]⎯[22m[39m

[41m[1m FAIL [22m[49m [30m[46m api [49m[39m api/tests/server.test.ts[2m > [22mServer[2m > [22m/api/individual-tracker[2m > [22mPOST /api/individual-tracker/games:reorder returns 400 for mismatched payload
[31m[1mAssertionError[22m: expected 404 to be 400 // Object.is equality[39m

[32m- Expected[39m
[31m+ Received[39m

[32m- 400[39m
[31m+ 404[39m

[36m [2m❯[22m api/tests/server.test.ts:[2m696:26[22m[39m
    [90m694|[39m       [35mconst[39m res [33m=[39m ([35mawait[39m server[33m.[39mrouter[33m.[39m[34mfetch[39m(req[33m,[39m env)) [35mas[39m [33mResponse[39m[33m;[39m
    [90m695|[39m
    [90m696|[39m       [34mexpect[39m(res[33m.[39mstatus)[33m.[39m[34mtoBe[39m([34m400[39m)[33m;[39m
    [90m   |[39m                          [31m^[39m
    [90m697|[39m       expect(await res.text()).toBe("orderedMatchIds must include all …
    [90m698|[39m     })[33m;[39m

[31m[2m⎯⎯⎯⎯⎯⎯⎯⎯⎯⎯⎯⎯⎯⎯⎯⎯⎯⎯⎯⎯⎯⎯[19/44]⎯[22m[39m

[41m[1m FAIL [22m[49m [30m[46m api [49m[39m api/tests/server.test.ts[2m > [22mServer[2m > [22m/api/individual-tracker[2m > [22mPOST /api/individual-tracker/:trackerId/games-sync forwards a single bulk payload to the DO
[31m[1mTypeError[22m: Cannot convert undefined or null to object[39m
[36m [2m❯[22m api/tests/server.test.ts:[2m723:41[22m[39m
    [90m721|[39m       })[33m;[39m
    [90m722|[39m
    [90m723|[39m       const namespacePrototype = Object.getPrototypeOf(env.INDIVIDUAL_…
    [90m   |[39m                                         [31m^[39m
    [90m724|[39m       [35mconst[39m individualTrackerNamespace [33m=[39m [33mObject[39m[33m.[39m[34massign[39m(
    [90m725|[39m         Object.create(namespacePrototype) as DurableObjectNamespace<In…

[31m[2m⎯⎯⎯⎯⎯⎯⎯⎯⎯⎯⎯⎯⎯⎯⎯⎯⎯⎯⎯⎯⎯⎯[20/44]⎯[22m[39m

[41m[1m FAIL [22m[49m [30m[46m api [49m[39m api/tests/server.test.ts[2m > [22mServer[2m > [22m/api/individual-tracker[2m > [22mPOST /api/individual-tracker/:trackerId/refresh forwards owner refreshes to the DO
[31m[1mTypeError[22m: Cannot convert undefined or null to object[39m
[36m [2m❯[22m api/tests/server.test.ts:[2m818:41[22m[39m
    [90m816|[39m       })[33m;[39m
    [90m817|[39m
    [90m818|[39m       const namespacePrototype = Object.getPrototypeOf(env.INDIVIDUAL_…
    [90m   |[39m                                         [31m^[39m
    [90m819|[39m       [35mconst[39m individualTrackerNamespace [33m=[39m [33mObject[39m[33m.[39m[34massign[39m(
    [90m820|[39m         Object.create(namespacePrototype) as DurableObjectNamespace<In…

[31m[2m⎯⎯⎯⎯⎯⎯⎯⎯⎯⎯⎯⎯⎯⎯⎯⎯⎯⎯⎯⎯⎯⎯[21/44]⎯[22m[39m

[41m[1m FAIL [22m[49m [30m[46m api [49m[39m api/tests/server.test.ts[2m > [22mServer[2m > [22m/api/individual-tracker[2m > [22mPOST /api/individual-tracker/:trackerId/series-groups-update forwards grouped-series labels to the DO
[31m[1mTypeError[22m: Cannot convert undefined or null to object[39m
[36m [2m❯[22m api/tests/server.test.ts:[2m874:41[22m[39m
    [90m872|[39m       })[33m;[39m
    [90m873|[39m
    [90m874|[39m       const namespacePrototype = Object.getPrototypeOf(env.INDIVIDUAL_…
    [90m   |[39m                                         [31m^[39m
    [90m875|[39m       [35mconst[39m individualTrackerNamespace [33m=[39m [33mObject[39m[33m.[39m[34massign[39m(
    [90m876|[39m         Object.create(namespacePrototype) as DurableObjectNamespace<In…

[31m[2m⎯⎯⎯⎯⎯⎯⎯⎯⎯⎯⎯⎯⎯⎯⎯⎯⎯⎯⎯⎯⎯⎯[22/44]⎯[22m[39m

[41m[1m FAIL [22m[49m [30m[46m api [49m[39m api/tests/server.test.ts[2m > [22mServer[2m > [22m/api/identities[2m > [22mGET /api/identities returns mapped identities for authenticated user
[31m[1mAssertionError[22m: expected 404 to be 200 // Object.is equality[39m

[32m- Expected[39m
[31m+ Received[39m

[32m- 200[39m
[31m+ 404[39m

[36m [2m❯[22m api/tests/server.test.ts:[2m952:26[22m[39m
    [90m950|[39m       [35mconst[39m res [33m=[39m ([35mawait[39m server[33m.[39mrouter[33m.[39m[34mfetch[39m(req[33m,[39m env)) [35mas[39m [33mResponse[39m[33m;[39m
    [90m951|[39m
    [90m952|[39m       [34mexpect[39m(res[33m.[39mstatus)[33m.[39m[34mtoBe[39m([34m200[39m)[33m;[39m
    [90m   |[39m                          [31m^[39m
    [90m953|[39m       [35mawait[39m [34mexpect[39m(res[33m.[39m[34mjson[39m())[33m.[39mresolves[33m.[39m[34mtoEqual[39m({
    [90m954|[39m         identities[33m:[39m [

[31m[2m⎯⎯⎯⎯⎯⎯⎯⎯⎯⎯⎯⎯⎯⎯⎯⎯⎯⎯⎯⎯⎯⎯[23/44]⎯[22m[39m

[41m[1m FAIL [22m[49m [30m[46m api [49m[39m api/tests/server.test.ts[2m > [22mServer[2m > [22m/api/identities[2m > [22mPOST /api/identities/link upserts active identity
[31m[1mAssertionError[22m: expected 404 to be 201 // Object.is equality[39m

[32m- Expected[39m
[31m+ Received[39m

[32m- 201[39m
[31m+ 404[39m

[36m [2m❯[22m api/tests/server.test.ts:[2m997:26[22m[39m
    [90m995|[39m       [35mconst[39m res [33m=[39m ([35mawait[39m server[33m.[39mrouter[33m.[39m[34mfetch[39m(req[33m,[39m env)) [35mas[39m [33mResponse[39m[33m;[39m
    [90m996|[39m
    [90m997|[39m       [34mexpect[39m(res[33m.[39mstatus)[33m.[39m[34mtoBe[39m([34m201[39m)[33m;[39m
    [90m   |[39m                          [31m^[39m
    [90m998|[39m       const body = await res.json<{ identity: { identityId: string; pr…
    [90m999|[39m       [34mexpect[39m(body[33m.[39midentity[33m.[39midentityId)[33m.[39m[34mtoBe[39m([32m"identity-uuid-1"[39m)[33m;[39m

[31m[2m⎯⎯⎯⎯⎯⎯⎯⎯⎯⎯⎯⎯⎯⎯⎯⎯⎯⎯⎯⎯⎯⎯[24/44]⎯[22m[39m

[41m[1m FAIL [22m[49m [30m[46m api [49m[39m api/tests/server.test.ts[2m > [22mServer[2m > [22m/api/identities[2m > [22mPOST /api/identities/link rejects xbox identities without a valid xuid
[31m[1mAssertionError[22m: expected 404 to be 400 // Object.is equality[39m

[32m- Expected[39m
[31m+ Received[39m

[32m- 400[39m
[31m+ 404[39m

[36m [2m❯[22m api/tests/server.test.ts:[2m1026:26[22m[39m
    [90m1024|[39m       [35mconst[39m res [33m=[39m ([35mawait[39m server[33m.[39mrouter[33m.[39m[34mfetch[39m(req[33m,[39m env)) [35mas[39m [33mResponse[39m[33m;[39m
    [90m1025|[39m
    [90m1026|[39m       [34mexpect[39m(res[33m.[39mstatus)[33m.[39m[34mtoBe[39m([34m400[39m)[33m;[39m
    [90m   |[39m                          [31m^[39m
    [90m1027|[39m       await expect(res.text()).resolves.toBe("Invalid Xbox identity re…
    [90m1028|[39m     })[33m;[39m

[31m[2m⎯⎯⎯⎯⎯⎯⎯⎯⎯⎯⎯⎯⎯⎯⎯⎯⎯⎯⎯⎯⎯⎯[25/44]⎯[22m[39m

[41m[1m FAIL [22m[49m [30m[46m api [49m[39m api/tests/server.test.ts[2m > [22mServer[2m > [22m/api/identities[2m > [22mPOST /api/identities/unlink deactivates owned identity
[31m[1mAssertionError[22m: expected 404 to be 200 // Object.is equality[39m

[32m- Expected[39m
[31m+ Received[39m

[32m- 200[39m
[31m+ 404[39m

[36m [2m❯[22m api/tests/server.test.ts:[2m1066:26[22m[39m
    [90m1064|[39m       [35mconst[39m res [33m=[39m ([35mawait[39m server[33m.[39mrouter[33m.[39m[34mfetch[39m(req[33m,[39m env)) [35mas[39m [33mResponse[39m[33m;[39m
    [90m1065|[39m
    [90m1066|[39m       [34mexpect[39m(res[33m.[39mstatus)[33m.[39m[34mtoBe[39m([34m200[39m)[33m;[39m
    [90m   |[39m                          [31m^[39m
    [90m1067|[39m       [35mawait[39m [34mexpect[39m(res[33m.[39m[34mjson[39m())[33m.[39mresolves[33m.[39m[34mtoEqual[39m({ success[33m:[39m [35mtrue[39m })[33m;[39m
    [90m1068|[39m     })[33m;[39m

[31m[2m⎯⎯⎯⎯⎯⎯⎯⎯⎯⎯⎯⎯⎯⎯⎯⎯⎯⎯⎯⎯⎯⎯[26/44]⎯[22m[39m

[41m[1m FAIL [22m[49m [30m[46m api [49m[39m api/tests/server.test.ts[2m > [22mServer[2m > [22m/api/individual-tracker/streamer-view[2m > [22mGET /api/individual-tracker/streamer-view returns 200 with stored settings
[31m[1mAssertionError[22m: expected 404 to be 200 // Object.is equality[39m

[32m- Expected[39m
[31m+ Received[39m

[32m- 200[39m
[31m+ 404[39m

[36m [2m❯[22m api/tests/server.test.ts:[2m1110:26[22m[39m
    [90m1108|[39m       [35mconst[39m res [33m=[39m ([35mawait[39m server[33m.[39mrouter[33m.[39m[34mfetch[39m(req[33m,[39m env)) [35mas[39m [33mResponse[39m[33m;[39m
    [90m1109|[39m
    [90m1110|[39m       [34mexpect[39m(res[33m.[39mstatus)[33m.[39m[34mtoBe[39m([34m200[39m)[33m;[39m
    [90m   |[39m                          [31m^[39m
    [90m1111|[39m       [35mawait[39m [34mexpect[39m(res[33m.[39m[34mjson[39m())[33m.[39mresolves[33m.[39m[34mtoEqual[39m({
    [90m1112|[39m         profileId[33m:[39m [32m"profile-1"[39m[33m,[39m

[31m[2m⎯⎯⎯⎯⎯⎯⎯⎯⎯⎯⎯⎯⎯⎯⎯⎯⎯⎯⎯⎯⎯⎯[27/44]⎯[22m[39m

[41m[1m FAIL [22m[49m [30m[46m api [49m[39m api/tests/server.test.ts[2m > [22mServer[2m > [22m/api/individual-tracker/streamer-view[2m > [22mPATCH /api/individual-tracker/streamer-view upserts merged settings
[31m[1mAssertionError[22m: expected 404 to be 200 // Object.is equality[39m

[32m- Expected[39m
[31m+ Received[39m

[32m- 200[39m
[31m+ 404[39m

[36m [2m❯[22m api/tests/server.test.ts:[2m1211:26[22m[39m
    [90m1209|[39m       [35mconst[39m res [33m=[39m ([35mawait[39m server[33m.[39mrouter[33m.[39m[34mfetch[39m(req[33m,[39m env)) [35mas[39m [33mResponse[39m[33m;[39m
    [90m1210|[39m
    [90m1211|[39m       [34mexpect[39m(res[33m.[39mstatus)[33m.[39m[34mtoBe[39m([34m200[39m)[33m;[39m
    [90m   |[39m                          [31m^[39m
    [90m1212|[39m       [35mconst[39m body [33m=[39m [35mawait[39m res[33m.[39mjson[33m<[39m{
    [90m1213|[39m         profileId[33m:[39m string[33m;[39m

[31m[2m⎯⎯⎯⎯⎯⎯⎯⎯⎯⎯⎯⎯⎯⎯⎯⎯⎯⎯⎯⎯⎯⎯[28/44]⎯[22m[39m

[41m[1m FAIL [22m[49m [30m[46m api [49m[39m api/tests/server.test.ts[2m > [22mServer[2m > [22m/api/individual-tracker/streamer-view[2m > [22mPATCH /api/individual-tracker/streamer-view returns 400 for invalid selectedSlayerStats
[31m[1mAssertionError[22m: expected 404 to be 400 // Object.is equality[39m

[32m- Expected[39m
[31m+ Received[39m

[32m- 400[39m
[31m+ 404[39m

[36m [2m❯[22m api/tests/server.test.ts:[2m1313:26[22m[39m
    [90m1311|[39m       [35mconst[39m res [33m=[39m ([35mawait[39m server[33m.[39mrouter[33m.[39m[34mfetch[39m(req[33m,[39m env)) [35mas[39m [33mResponse[39m[33m;[39m
    [90m1312|[39m
    [90m1313|[39m       [34mexpect[39m(res[33m.[39mstatus)[33m.[39m[34mtoBe[39m([34m400[39m)[33m;[39m
    [90m   |[39m                          [31m^[39m
    [90m1314|[39m       await expect(res.text()).resolves.toBe("selectedSlayerStats must…
    [90m1315|[39m     })[33m;[39m

[31m[2m⎯⎯⎯⎯⎯⎯⎯⎯⎯⎯⎯⎯⎯⎯⎯⎯⎯⎯⎯⎯⎯⎯[29/44]⎯[22m[39m

[41m[1m FAIL [22m[49m [30m[46m api [49m[39m api/tests/server.test.ts[2m > [22mServer[2m > [22m/api/individual-tracker/streamer-view[2m > [22mPATCH /api/individual-tracker/streamer-view returns 400 for invalid fontSizes
[31m[1mAssertionError[22m: expected 404 to be 400 // Object.is equality[39m

[32m- Expected[39m
[31m+ Received[39m

[32m- 400[39m
[31m+ 404[39m

[36m [2m❯[22m api/tests/server.test.ts:[2m1352:26[22m[39m
    [90m1350|[39m       [35mconst[39m res [33m=[39m ([35mawait[39m server[33m.[39mrouter[33m.[39m[34mfetch[39m(req[33m,[39m env)) [35mas[39m [33mResponse[39m[33m;[39m
    [90m1351|[39m
    [90m1352|[39m       [34mexpect[39m(res[33m.[39mstatus)[33m.[39m[34mtoBe[39m([34m400[39m)[33m;[39m
    [90m   |[39m                          [31m^[39m
    [90m1353|[39m       await expect(res.text()).resolves.toBe("fontSizes values must be…
    [90m1354|[39m     })[33m;[39m

[31m[2m⎯⎯⎯⎯⎯⎯⎯⎯⎯⎯⎯⎯⎯⎯⎯⎯⎯⎯⎯⎯⎯⎯[30/44]⎯[22m[39m

[41m[1m FAIL [22m[49m [30m[46m api [49m[39m api/tests/server.test.ts[2m > [22mServer[2m > [22mGET /proxy/halo-infinite/:operation[2m > [22mreturns 200 using bot account when there is no session and no worker token
[31m[1mAssertionError[22m: expected 404 to be 200 // Object.is equality[39m

[32m- Expected[39m
[31m+ Received[39m

[32m- 200[39m
[31m+ 404[39m

[36m [2m❯[22m api/tests/server.test.ts:[2m1364:26[22m[39m
    [90m1362|[39m       })[33m;[39m
    [90m1363|[39m       [35mconst[39m res [33m=[39m ([35mawait[39m server[33m.[39mrouter[33m.[39m[34mfetch[39m(req[33m,[39m env)) [35mas[39m [33mResponse[39m[33m;[39m
    [90m1364|[39m       [34mexpect[39m(res[33m.[39mstatus)[33m.[39m[34mtoBe[39m([34m200[39m)[33m;[39m
    [90m   |[39m                          [31m^[39m
    [90m1365|[39m       [35mconst[39m body [33m=[39m [35mawait[39m res[33m.[39m[34mjson[39m()[33m;[39m
    [90m1366|[39m       [34mexpect[39m(body)[33m.[39m[34mtoEqual[39m({

[31m[2m⎯⎯⎯⎯⎯⎯⎯⎯⎯⎯⎯⎯⎯⎯⎯⎯⎯⎯⎯⎯⎯⎯[31/44]⎯[22m[39m

[41m[1m FAIL [22m[49m [30m[46m api [49m[39m api/tests/server.test.ts[2m > [22mServer[2m > [22mGET /proxy/halo-infinite/:operation[2m > [22mreturns 401 if x-proxy-auth header is invalid
[31m[1mAssertionError[22m: expected 404 to be 401 // Object.is equality[39m

[32m- Expected[39m
[31m+ Received[39m

[32m- 401[39m
[31m+ 404[39m

[36m [2m❯[22m api/tests/server.test.ts:[2m1387:26[22m[39m
    [90m1385|[39m       })[33m;[39m
    [90m1386|[39m       [35mconst[39m res [33m=[39m ([35mawait[39m server[33m.[39mrouter[33m.[39m[34mfetch[39m(req[33m,[39m env)) [35mas[39m [33mResponse[39m[33m;[39m
    [90m1387|[39m       [34mexpect[39m(res[33m.[39mstatus)[33m.[39m[34mtoBe[39m([34m401[39m)[33m;[39m
    [90m   |[39m                          [31m^[39m
    [90m1388|[39m       [35mawait[39m [34mexpect[39m(res[33m.[39m[34mtext[39m())[33m.[39mresolves[33m.[39m[34mtoBe[39m([32m"Unauthorized"[39m)[33m;[39m
    [90m1389|[39m     })[33m;[39m

[31m[2m⎯⎯⎯⎯⎯⎯⎯⎯⎯⎯⎯⎯⎯⎯⎯⎯⎯⎯⎯⎯⎯⎯[32/44]⎯[22m[39m

[41m[1m FAIL [22m[49m [30m[46m api [49m[39m api/tests/server.test.ts[2m > [22mServer[2m > [22mGET /proxy/halo-infinite/:operation[2m > [22mreturns 403 if operation is not in allowlist
[31m[1mAssertionError[22m: expected 404 to be 403 // Object.is equality[39m

[32m- Expected[39m
[31m+ Received[39m

[32m- 403[39m
[31m+ 404[39m

[36m [2m❯[22m api/tests/server.test.ts:[2m1399:26[22m[39m
    [90m1397|[39m       })[33m;[39m
    [90m1398|[39m       [35mconst[39m res [33m=[39m ([35mawait[39m server[33m.[39mrouter[33m.[39m[34mfetch[39m(req[33m,[39m env)) [35mas[39m [33mResponse[39m[33m;[39m
    [90m1399|[39m       [34mexpect[39m(res[33m.[39mstatus)[33m.[39m[34mtoBe[39m([34m403[39m)[33m;[39m
    [90m   |[39m                          [31m^[39m
    [90m1400|[39m       await expect(res.text()).resolves.toContain("Method not allowed"…
    [90m1401|[39m     })[33m;[39m

[31m[2m⎯⎯⎯⎯⎯⎯⎯⎯⎯⎯⎯⎯⎯⎯⎯⎯⎯⎯⎯⎯⎯⎯[33/44]⎯[22m[39m

[41m[1m FAIL [22m[49m [30m[46m api [49m[39m api/tests/server.test.ts[2m > [22mServer[2m > [22mGET /proxy/halo-infinite/:operation[2m > [22mreturns 405 if HTTP method does not match operation
[31m[1mAssertionError[22m: expected 404 to be 405 // Object.is equality[39m

[32m- Expected[39m
[31m+ Received[39m

[32m- 405[39m
[31m+ 404[39m

[36m [2m❯[22m api/tests/server.test.ts:[2m1413:26[22m[39m
    [90m1411|[39m       })[33m;[39m
    [90m1412|[39m       [35mconst[39m res [33m=[39m ([35mawait[39m server[33m.[39mrouter[33m.[39m[34mfetch[39m(req[33m,[39m env)) [35mas[39m [33mResponse[39m[33m;[39m
    [90m1413|[39m       [34mexpect[39m(res[33m.[39mstatus)[33m.[39m[34mtoBe[39m([34m405[39m)[33m;[39m
    [90m   |[39m                          [31m^[39m
    [90m1414|[39m       [35mawait[39m [34mexpect[39m(res[33m.[39m[34mtext[39m())[33m.[39mresolves[33m.[39m[34mtoBe[39m([32m"Method not allowed"[39m)[33m;[39m
    [90m1415|[39m     })[33m;[39m

[31m[2m⎯⎯⎯⎯⎯⎯⎯⎯⎯⎯⎯⎯⎯⎯⎯⎯⎯⎯⎯⎯⎯⎯[34/44]⎯[22m[39m

[41m[1m FAIL [22m[49m [30m[46m api [49m[39m api/tests/server.test.ts[2m > [22mServer[2m > [22mGET /proxy/halo-infinite/:operation[2m > [22mreturns 400 with invalid query arg JSON
[31m[1mAssertionError[22m: expected 404 to be 400 // Object.is equality[39m

[32m- Expected[39m
[31m+ Received[39m

[32m- 400[39m
[31m+ 404[39m

[36m [2m❯[22m api/tests/server.test.ts:[2m1425:26[22m[39m
    [90m1423|[39m       })[33m;[39m
    [90m1424|[39m       [35mconst[39m res [33m=[39m ([35mawait[39m server[33m.[39mrouter[33m.[39m[34mfetch[39m(req[33m,[39m env)) [35mas[39m [33mResponse[39m[33m;[39m
    [90m1425|[39m       [34mexpect[39m(res[33m.[39mstatus)[33m.[39m[34mtoBe[39m([34m400[39m)[33m;[39m
    [90m   |[39m                          [31m^[39m
    [90m1426|[39m       await expect(res.text()).resolves.toBe("Invalid query arguments"…
    [90m1427|[39m     })[33m;[39m

[31m[2m⎯⎯⎯⎯⎯⎯⎯⎯⎯⎯⎯⎯⎯⎯⎯⎯⎯⎯⎯⎯⎯⎯[35/44]⎯[22m[39m

[41m[1m FAIL [22m[49m [30m[46m api [49m[39m api/tests/server.test.ts[2m > [22mServer[2m > [22mGET /proxy/halo-infinite/:operation[2m > [22mreturns 200 and raw result for valid operation
[31m[1mAssertionError[22m: expected 404 to be 200 // Object.is equality[39m

[32m- Expected[39m
[31m+ Received[39m

[32m- 200[39m
[31m+ 404[39m

[36m [2m❯[22m api/tests/server.test.ts:[2m1438:26[22m[39m
    [90m1436|[39m       })[33m;[39m
    [90m1437|[39m       [35mconst[39m res [33m=[39m ([35mawait[39m server[33m.[39mrouter[33m.[39m[34mfetch[39m(req[33m,[39m env)) [35mas[39m [33mResponse[39m[33m;[39m
    [90m1438|[39m       [34mexpect[39m(res[33m.[39mstatus)[33m.[39m[34mtoBe[39m([34m200[39m)[33m;[39m
    [90m   |[39m                          [31m^[39m
    [90m1439|[39m       [35mconst[39m body [33m=[39m [35mawait[39m res[33m.[39m[34mjson[39m()[33m;[39m
    [90m1440|[39m       [34mexpect[39m(body)[33m.[39m[34mtoEqual[39m({

[31m[2m⎯⎯⎯⎯⎯⎯⎯⎯⎯⎯⎯⎯⎯⎯⎯⎯⎯⎯⎯⎯⎯⎯[36/44]⎯[22m[39m

[41m[1m FAIL [22m[49m [30m[46m api [49m[39m api/tests/server.test.ts[2m > [22mServer[2m > [22mGET /proxy/halo-infinite/:operation[2m > [22mreturns 200 and rotates session cookie when expired session is refreshed
[31m[1mAssertionError[22m: expected 404 to be 200 // Object.is equality[39m

[32m- Expected[39m
[31m+ Received[39m

[32m- 200[39m
[31m+ 404[39m

[36m [2m❯[22m api/tests/server.test.ts:[2m1490:26[22m[39m
    [90m1488|[39m       })[33m;[39m
    [90m1489|[39m       [35mconst[39m res [33m=[39m ([35mawait[39m server[33m.[39mrouter[33m.[39m[34mfetch[39m(req[33m,[39m env)) [35mas[39m [33mResponse[39m[33m;[39m
    [90m1490|[39m       [34mexpect[39m(res[33m.[39mstatus)[33m.[39m[34mtoBe[39m([34m200[39m)[33m;[39m
    [90m   |[39m                          [31m^[39m
    [90m1491|[39m       [34mexpect[39m(res[33m.[39mheaders[33m.[39m[35mget[39m([32m"Set-Cookie"[39m))[33m.[39m[34mtoContain[39m([32m"auth-session="[39m)[33m;[39m
    [90m1492|[39m

[31m[2m⎯⎯⎯⎯⎯⎯⎯⎯⎯⎯⎯⎯⎯⎯⎯⎯⎯⎯⎯⎯⎯⎯[37/44]⎯[22m[39m

[41m[1m FAIL [22m[49m [30m[46m api [49m[39m api/tests/server.test.ts[2m > [22mServer[2m > [22mGET /proxy/halo-infinite/:operation[2m > [22mreturns 200 using tracker owner token when trackerXuid query param resolves an active session
[31m[1mAssertionError[22m: expected 404 to be 200 // Object.is equality[39m

[32m- Expected[39m
[31m+ Received[39m

[32m- 200[39m
[31m+ 404[39m

[36m [2m❯[22m api/tests/server.test.ts:[2m1534:26[22m[39m
    [90m1532|[39m       )[33m;[39m
    [90m1533|[39m       [35mconst[39m res [33m=[39m ([35mawait[39m server[33m.[39mrouter[33m.[39m[34mfetch[39m(req[33m,[39m env)) [35mas[39m [33mResponse[39m[33m;[39m
    [90m1534|[39m       [34mexpect[39m(res[33m.[39mstatus)[33m.[39m[34mtoBe[39m([34m200[39m)[33m;[39m
    [90m   |[39m                          [31m^[39m
    [90m1535|[39m       [35mconst[39m body [33m=[39m [35mawait[39m res[33m.[39m[34mjson[39m()[33m;[39m
    [90m1536|[39m       [34mexpect[39m(body)[33m.[39m[34mtoEqual[39m({

[31m[2m⎯⎯⎯⎯⎯⎯⎯⎯⎯⎯⎯⎯⎯⎯⎯⎯⎯⎯⎯⎯⎯⎯[38/44]⎯[22m[39m

[41m[1m FAIL [22m[49m [30m[46m api [49m[39m api/tests/server.test.ts[2m > [22mServer[2m > [22mGET /proxy/halo-infinite/:operation[2m > [22mreturns 200 using bot account when trackerXuid does not match any active session
[31m[1mAssertionError[22m: expected 404 to be 200 // Object.is equality[39m

[32m- Expected[39m
[31m+ Received[39m

[32m- 200[39m
[31m+ 404[39m

[36m [2m❯[22m api/tests/server.test.ts:[2m1570:26[22m[39m
    [90m1568|[39m       )[33m;[39m
    [90m1569|[39m       [35mconst[39m res [33m=[39m ([35mawait[39m server[33m.[39mrouter[33m.[39m[34mfetch[39m(req[33m,[39m env)) [35mas[39m [33mResponse[39m[33m;[39m
    [90m1570|[39m       [34mexpect[39m(res[33m.[39mstatus)[33m.[39m[34mtoBe[39m([34m200[39m)[33m;[39m
    [90m   |[39m                          [31m^[39m
    [90m1571|[39m       [34mexpect[39m(vi[33m.[39m[34mmocked[39m([33mAutoTokenProvider[39m))[33m.[39mnot[33m.[39m[34mtoHaveBeenCalled[39m()[33m;[39m
    [90m1572|[39m       [34mexpect[39m(vi[33m.[39m[34mmocked[39m([33mHaloInfiniteClient[39m))[33m.[39mnot[33m.[39m[34mtoHaveBeenCalled[39m()[33m;[39m

[31m[2m⎯⎯⎯⎯⎯⎯⎯⎯⎯⎯⎯⎯⎯⎯⎯⎯⎯⎯⎯⎯⎯⎯[39/44]⎯[22m[39m

[41m[1m FAIL [22m[49m [30m[46m api [49m[39m api/tests/server.test.ts[2m > [22mServer[2m > [22mGET /proxy/halo-infinite/:operation[2m > [22mreturns 500 and error details if the operation throws
[31m[1mAssertionError[22m: expected 404 to be 500 // Object.is equality[39m

[32m- Expected[39m
[31m+ Received[39m

[32m- 500[39m
[31m+ 404[39m

[36m [2m❯[22m api/tests/server.test.ts:[2m1595:26[22m[39m
    [90m1593|[39m       })[33m;[39m
    [90m1594|[39m       [35mconst[39m res [33m=[39m ([35mawait[39m server[33m.[39mrouter[33m.[39m[34mfetch[39m(req[33m,[39m env)) [35mas[39m [33mResponse[39m[33m;[39m
    [90m1595|[39m       [34mexpect[39m(res[33m.[39mstatus)[33m.[39m[34mtoBe[39m([34m500[39m)[33m;[39m
    [90m   |[39m                          [31m^[39m
    [90m1596|[39m       [35mconst[39m body [33m=[39m [35mawait[39m res[33m.[39m[34mjson[39m()[33m;[39m
    [90m1597|[39m       [34mexpect[39m(body)[33m.[39m[34mtoHaveProperty[39m([32m"message"[39m[33m,[39m [32m"fail!"[39m)[33m;[39m

[31m[2m⎯⎯⎯⎯⎯⎯⎯⎯⎯⎯⎯⎯⎯⎯⎯⎯⎯⎯⎯⎯⎯⎯[40/44]⎯[22m[39m

[41m[1m FAIL [22m[49m [30m[46m api [49m[39m api/tests/server.test.ts[2m > [22mServer[2m > [22mGET /api/individual-tracker/:xuid/active[2m > [22mreturns not-found when xuid has no configured active xbox identity
[31m[1mSyntaxError[22m: Unexpected token 'N', "Not Found." is not valid JSON[39m
[31m[2m⎯⎯⎯⎯⎯⎯⎯⎯⎯⎯⎯⎯⎯⎯⎯⎯⎯⎯⎯⎯⎯⎯[41/44]⎯[22m[39m

[41m[1m FAIL [22m[49m [30m[46m api [49m[39m api/tests/server.test.ts[2m > [22mServer[2m > [22mGET /api/individual-tracker/:xuid/active[2m > [22mreturns active tracker payload for configured xuid with active tracker
[31m[1mTypeError[22m: Cannot convert undefined or null to object[39m
[36m [2m❯[22m api/tests/server.test.ts:[2m1892:41[22m[39m
    [90m1890|[39m       const idFromNameSpy = vi.fn(() => env.INDIVIDUAL_TRACKER_DO.idFr…
    [90m1891|[39m
    [90m1892|[39m       const namespacePrototype = Object.getPrototypeOf(env.INDIVIDUAL_…
    [90m   |[39m                                         [31m^[39m
    [90m1893|[39m       [35mconst[39m individualTrackerNamespace [33m=[39m [33mObject[39m[33m.[39m[34massign[39m(
    [90m1894|[39m         Object.create(namespacePrototype) as DurableObjectNamespace<In…

[31m[2m⎯⎯⎯⎯⎯⎯⎯⎯⎯⎯⎯⎯⎯⎯⎯⎯⎯⎯⎯⎯⎯⎯[42/44]⎯[22m[39m

[41m[1m FAIL [22m[49m [30m[46m api [49m[39m api/tests/server.test.ts[2m > [22mServer[2m > [22mGET /api/individual-tracker/:xuid/active[2m > [22mreturns streamer view defaults with player mode when active tracker xuid matches viewer
[31m[1mTypeError[22m: Cannot convert undefined or null to object[39m
[36m [2m❯[22m api/tests/server.test.ts:[2m1968:41[22m[39m
    [90m1966|[39m
    [90m1967|[39m       const doFetch = vi.fn(async () => Promise.resolve(Response.json(…
    [90m1968|[39m       const namespacePrototype = Object.getPrototypeOf(env.INDIVIDUAL_…
    [90m   |[39m                                         [31m^[39m
    [90m1969|[39m       [35mconst[39m individualTrackerNamespace [33m=[39m [33mObject[39m[33m.[39m[34massign[39m(
    [90m1970|[39m         Object.create(namespacePrototype) as DurableObjectNamespace<In…

[31m[2m⎯⎯⎯⎯⎯⎯⎯⎯⎯⎯⎯⎯⎯⎯⎯⎯⎯⎯⎯⎯⎯⎯[43/44]⎯[22m[39m

[41m[1m FAIL [22m[49m [30m[46m api [49m[39m api/tests/server.test.ts[2m > [22mServer[2m > [22mGET /ws/individual-tracker/:xuid/active[2m > [22mforwards to the active tracker durable object instead of treating active as a trackerId
[31m[1mTypeError[22m: Cannot convert undefined or null to object[39m
[36m [2m❯[22m api/tests/server.test.ts:[2m2025:41[22m[39m
    [90m2023|[39m       const idFromNameSpy = vi.fn(() => env.INDIVIDUAL_TRACKER_DO.idFr…
    [90m2024|[39m
    [90m2025|[39m       const namespacePrototype = Object.getPrototypeOf(env.INDIVIDUAL_…
    [90m   |[39m                                         [31m^[39m
    [90m2026|[39m       [35mconst[39m individualTrackerNamespace [33m=[39m [33mObject[39m[33m.[39m[34massign[39m(
    [90m2027|[39m         Object.create(namespacePrototype) as DurableObjectNamespace<In…

[31m[2m⎯⎯⎯⎯⎯⎯⎯⎯⎯⎯⎯⎯⎯⎯⎯⎯⎯⎯⎯⎯⎯⎯[44/44]⎯[22m[39m


[2m Test Files [22m [1m[31m1 failed[39m[22m[2m | [22m[1m[32m112 passed[39m[22m[90m (113)[39m
[2m      Tests [22m [1m[31m44 failed[39m[22m[2m | [22m[1m[32m1584 passed[39m[22m[90m (1628)[39m
[2m   Start at [22m 14:19:38
[2m   Duration [22m 32.94s[2m (transform 21.91s, setup 0ms, import 231.16s, tests 21.96s, environment 56.67s)[22m

JUNIT report written to /home/david/git/guilty-spark/test-results/junit-report.xml
