// Vitest Snapshot v1, https://vitest.dev/guide/snapshot.html

exports[`FirefightMatchEmbed > getEmbed > returns the expected embed 1`] = `
{
  "description": "-# Legend: **Best in team** | __**Best overall**__",
  "fields": [
    {
      "inline": false,
      "name": "Eagle",
      "value": "Team Score: 3 | Team K:D:A: 50:12:8",
    },
    {
      "inline": true,
      "name": "TestPlayer (Rank: 1 | Score: 2,000)",
      "value": "Kills: __**25**__
Deaths: __**6**__
Assists: __**4**__
KDA: __**10**__
Headshot kills: __**5**__
Shots H:F (acc): __**50**__:__**100**__ __**(0.5%)**__
Damage D:T (D/T): __**2,500**__:__**1,500**__ __**(1.67)**__
Avg life time (damage/life): __**45s**__ __**(416.67)**__
Eliminations: __**3**__
Elimination assists: __**2**__
Allies revived: __**1**__
Rounds Survived: __**3**__
Times revived by ally: __**0**__
Enemy revives denied: __**1**__
Boss kills: __**1**__
Hunter kills: __**2**__
Elite kills: __**4**__
Jackal kills: __**5**__
Grunt kills: __**8**__
Brute kills: __**3**__
Sentinel kills: __**1**__
Skimmer kills: __**2**__",
    },
    {
      "inline": false,
      "name": "
",
      "value": "
",
    },
  ],
  "title": "Fake name for asset test-variant: Fake name for asset test-map",
  "url": "https://halodatahive.com/Infinite/Match/test-firefight-match",
}
`;
