// Vitest Snapshot v1, https://vitest.dev/guide/snapshot.html

exports[`StockpileMatchEmbed > getEmbed > returns the expected embed 1`] = `
{
  "description": "-# Legend: **Best in team** | __**Best overall**__",
  "fields": [
    {
      "inline": false,
      "name": "Eagle",
      "value": "Team Score: 3 | Team K:D:A: 24:12:8",
    },
    {
      "inline": true,
      "name": "TestPlayer (Rank: 1 | Score: 2,000)",
      "value": "Kills: __**12**__
Deaths: __**6**__
Assists: __**4**__
KDA: __**10**__
Headshot kills: __**5**__
Shots H:F (acc): __**50**__:__**100**__ __**(0.5%)**__
Damage D:T (D/T): __**2,500**__:__**1,500**__ __**(1.67)**__
Avg life time (damage/life): __**45s**__ __**(416.67)**__
Power seeds deposited: __**3**__
Power seeds stolen: __**1**__
Kills as power seed carrier: __**2**__
Power seed carriers killed: __**2**__
Time as power seed carrier: __**1m 15s**__
Time as power seed driver: __**30s**__",
    },
    {
      "inline": false,
      "name": "
",
      "value": "
",
    },
  ],
  "title": "Fake name for asset test-variant: Fake name for asset test-map",
  "url": "https://halodatahive.com/Infinite/Match/test-stockpile-match",
}
`;
