// Vitest Snapshot v1, https://vitest.dev/guide/snapshot.html

exports[`StrongholdsMatchEmbed > getEmbed > returns the expected embed 1`] = `
{
  "description": "-# Legend: **Best in team** | __**Best overall**__",
  "fields": [
    {
      "inline": false,
      "name": "Eagle",
      "value": "Team Score: 175 | Team K:D:A: 62:83:24",
    },
    {
      "inline": true,
      "name": "gamertag01 (Rank: 5 | Score: 2,780)",
      "value": "Kills: **20**
Deaths: 21
Assists: 4
KDA: **0.33**
Headshot kills: 11
Shots H:F (acc): 125:201 __**(62.18%)**__
Damage D:T (D/T): 5,771:**5,949** **(0.97)**
Average life duration (damage/life): 22s (274.81)
Captures: 10
Occupation time: 1m 34s
Secures: 2
Offensive kills: 0
Defensive kills: **3**
2x<:ShotCaller:1322884687693086771> 3x<:Perfect:1322879561515532308> 2x<:DoubleKill:1322814147980689430> 2x<:Reversal:1322872797701083166> <:Rifleman:1322860656399220828>",
    },
    {
      "inline": true,
      "name": "gamertag02 (Rank: 5 | Score: 2,700)",
      "value": "Kills: 17
Deaths: 22
Assists: **10**
KDA: -1.66
Headshot kills: **12**
Shots H:F (acc): __**155**__:__**253**__ (61.26%)
Damage D:T (D/T): **6,633**:6,892 (0.96)
Average life duration (damage/life): 21s **(301.5)**
Captures: 9
Occupation time: 1m 28s
Secures: 2
Offensive kills: **3**
Defensive kills: **3**
<:Perfect:1322879561515532308> 3x<:DoubleKill:1322814147980689430> 2x<:Reversal:1322872797701083166> <:LastShot:1322884170606972959> <:Rifleman:1322860656399220828> <:Stick:1322871787695898676> <:Wingman:1322854221095108609>",
    },
    {
      "inline": false,
      "name": "
",
      "value": "
",
    },
    {
      "inline": true,
      "name": "gamertag06 (Rank: 5 | Score: 2,230)",
      "value": "Kills: 13
Deaths: 21
Assists: 5
KDA: -6.33
Headshot kills: 9
Shots H:F (acc): 88:170 (51.76%)
Damage D:T (D/T): 4,528:6,405 (0.71)
Average life duration (damage/life): 21s (215.62)
Captures: __**12**__
Occupation time: __**2m 10s**__
Secures: 2
Offensive kills: 1
Defensive kills: **3**
6x<:ShotCaller:1322884687693086771> <:Perfect:1322879561515532308> <:Snipe:1322872969571340370> 2x<:Killjoy:1322802841039147129> <:Rifleman:1322860656399220828>",
    },
    {
      "inline": true,
      "name": "gamertag08 (Rank: 5 | Score: 1,925)",
      "value": "Kills: 12
Deaths: **19**
Assists: 7
KDA: -4.66
Headshot kills: 6
Shots H:F (acc): 128:220 (58.18%)
Damage D:T (D/T): 5,716:6,138 (0.93)
Average life duration (damage/life): **24s** (300.84)
Captures: 6
Occupation time: 1m 10s
Secures: __**3**__
Offensive kills: 1
Defensive kills: 2
<:RemoteDetonation:1322883672470458380> <:Perfect:1322879561515532308> <:Rifleman:1322860656399220828>",
    },
    {
      "inline": false,
      "name": "
",
      "value": "
",
    },
    {
      "inline": false,
      "name": "Cobra",
      "value": "Team Score: 250 | Team K:D:A: 83:62:32",
    },
    {
      "inline": true,
      "name": "gamertag07 (Rank: 1 | Score: 3,550)",
      "value": "Kills: __**30**__
Deaths: 20
Assists: 3
KDA: __**11**__
Headshot kills: __**20**__
Shots H:F (acc): **141**:237 **(59.49%)**
Damage D:T (D/T): __**7,066**__:6,496 (1.09)
Average life duration (damage/life): 24s (353.3)
Captures: 7
Occupation time: 1m 32s
Secures: 2
Offensive kills: 4
Defensive kills: __**5**__
<:TripleKill:1322814228477906944> 4x<:DoubleKill:1322814147980689430> <:KillingSpree:1322803050347499541> <:Perfect:1322879561515532308> <:FromtheGrave:1322884008773816351> <:Rifleman:1322860656399220828> <:Stick:1322871787695898676> 3x<:Reversal:1322872797701083166> <:Boxer:1322864064082477077> <:Bodyguard:1322867380136841279>",
    },
    {
      "inline": true,
      "name": "gamertag05 (Rank: 1 | Score: 2,925)",
      "value": "Kills: 20
Deaths: 17
Assists: 10
KDA: 6.33
Headshot kills: 9
Shots H:F (acc): 128:**248** (51.61%)
Damage D:T (D/T): 6,660:6,197 (1.07)
Average life duration (damage/life): 28s (391.76)
Captures: **8**
Occupation time: **1m 49s**
Secures: 1
Offensive kills: __**7**__
Defensive kills: 1
<:Stick:1322871787695898676> <:FromtheGrave:1322884008773816351> <:Reversal:1322872797701083166> <:Rifleman:1322860656399220828> <:Boxer:1322864064082477077> <:Wingman:1322854221095108609>",
    },
    {
      "inline": false,
      "name": "
",
      "value": "
",
    },
    {
      "inline": true,
      "name": "gamertag03 (Rank: 1 | Score: 2,855)",
      "value": "Kills: 19
Deaths: __**12**__
Assists: 9
KDA: 10
Headshot kills: 12
Shots H:F (acc): 112:229 (48.9%)
Damage D:T (D/T): 5,374:5,154 (1.04)
Average life duration (damage/life): __**43s**__ __**(447.83)**__
Captures: **8**
Occupation time: 1m 41s
Secures: __**3**__
Offensive kills: 2
Defensive kills: 4
<:KillingSpree:1322803050347499541> 2x<:DoubleKill:1322814147980689430> <:Perfect:1322879561515532308> <:BackSmack:1322872596135546891> <:Rifleman:1322860656399220828> <:LastShot:1322884170606972959> <:Bodyguard:1322867380136841279> <:GuardianAngel:1322873057928286248> <:Boxer:1322864064082477077>",
    },
    {
      "inline": true,
      "name": "gamertag04 (Rank: 1 | Score: 2,410)",
      "value": "Kills: 14
Deaths: 13
Assists: __**13**__
KDA: 5.33
Headshot kills: 11
Shots H:F (acc): 125:228 (54.82%)
Damage D:T (D/T): 5,803:__**4,939**__ __**(1.17)**__
Average life duration (damage/life): 39s (446.38)
Captures: 6
Occupation time: 1m 5s
Secures: 2
Offensive kills: 1
Defensive kills: 2
<:ShotCaller:1322884687693086771> <:Perfect:1322879561515532308> <:BackSmack:1322872596135546891> <:Rifleman:1322860656399220828> <:Wingman:1322854221095108609>",
    },
    {
      "inline": false,
      "name": "
",
      "value": "
",
    },
  ],
  "title": "Strongholds: Fake name for asset 309253f8-7a75-48ff-83e1-e7fb3db2ac47",
  "url": "https://halodatahive.com/Infinite/Match/099deb74-3f60-48cf-8784-0strongholds",
}
`;
