// Vitest Snapshot v1, https://vitest.dev/guide/snapshot.html

exports[`OddballMatchEmbed > getEmbed > returns the expected embed 1`] = `
{
  "fields": [
    {
      "inline": false,
      "name": "Eagle",
      "value": "Team Score: 198",
    },
    {
      "inline": true,
      "name": "gamertag06",
      "value": "\`\`\`Rank: 5
Score: 89
Kills: 22
Deaths: 29
Assists: 9
KDA: -4
Headshot kills: 4
Shots H:F: 161:326
Accuracy: 49.38%
Damage D:T: 7718:9491
Av life duration: 27s
Av damage/life: 266.14
Total time as carrier: 1m 33s
Longest time as carrier: 22s\`\`\`",
    },
    {
      "inline": true,
      "name": "gamertag08",
      "value": "\`\`\`Rank: 6
Score: 50
Kills: 21
Deaths: 36
Assists: 6
KDA: -13
Headshot kills: 10
Shots H:F: 181:362
Accuracy: 50%
Damage D:T: 8476:10836
Av life duration: 20s
Av damage/life: 235.44
Total time as carrier: 53s
Longest time as carrier: 15s\`\`\`",
    },
    {
      "inline": false,
      "name": "
",
      "value": "
",
    },
    {
      "inline": true,
      "name": "gamertag02",
      "value": "\`\`\`Rank: 7
Score: 42
Kills: 38
Deaths: 33
Assists: 16
KDA: 10.33
Headshot kills: 31
Shots H:F: 268:458
Accuracy: 58.51%
Damage D:T: 11620:11411
Av life duration: 24s
Av damage/life: 352.12
Total time as carrier: 48s
Longest time as carrier: 11s\`\`\`",
    },
    {
      "inline": true,
      "name": "gamertag01",
      "value": "\`\`\`Rank: 8
Score: 17
Kills: 28
Deaths: 32
Assists: 17
KDA: 1.66
Headshot kills: 17
Shots H:F: 251:443
Accuracy: 56.65%
Damage D:T: 10303:10590
Av life duration: 23s
Av damage/life: 321.97
Total time as carrier: 21s
Longest time as carrier: 10s\`\`\`",
    },
    {
      "inline": false,
      "name": "
",
      "value": "
",
    },
    {
      "inline": false,
      "name": "Cobra",
      "value": "Team Score: 256",
    },
    {
      "inline": true,
      "name": "gamertag03",
      "value": "\`\`\`Rank: 1
Score: 98
Kills: 30
Deaths: 21
Assists: 16
KDA: 14.33
Headshot kills: 20
Shots H:F: 224:409
Accuracy: 54.76%
Damage D:T: 9430:8596
Av life duration: 41s
Av damage/life: 449.05
Total time as carrier: 1m 45s
Longest time as carrier: 25s\`\`\`",
    },
    {
      "inline": true,
      "name": "gamertag04",
      "value": "\`\`\`Rank: 2
Score: 83
Kills: 29
Deaths: 31
Assists: 19
KDA: 4.33
Headshot kills: 18
Shots H:F: 237:447
Accuracy: 53.02%
Damage D:T: 10815:10019
Av life duration: 25s
Av damage/life: 348.87
Total time as carrier: 1m 26s
Longest time as carrier: 24s\`\`\`",
    },
    {
      "inline": false,
      "name": "
",
      "value": "
",
    },
    {
      "inline": true,
      "name": "gamertag07",
      "value": "\`\`\`Rank: 3
Score: 43
Kills: 49
Deaths: 24
Assists: 15
KDA: 30
Headshot kills: 30
Shots H:F: 335:582
Accuracy: 57.56%
Damage D:T: 13919:10011
Av life duration: 33s
Av damage/life: 579.96
Total time as carrier: 45s
Longest time as carrier: 13s\`\`\`",
    },
    {
      "inline": true,
      "name": "gamertag05",
      "value": "\`\`\`Rank: 4
Score: 32
Kills: 22
Deaths: 33
Assists: 13
KDA: -6.66
Headshot kills: 12
Shots H:F: 158:322
Accuracy: 49.06%
Damage D:T: 7200:9781
Av life duration: 22s
Av damage/life: 218.18
Total time as carrier: 33s
Longest time as carrier: 11s\`\`\`",
    },
    {
      "inline": false,
      "name": "
",
      "value": "
",
    },
  ],
  "title": "Oddball: Fake name for asset f15f19b4-9652-452a-b8ae-117df0a0074d",
  "url": "https://halodatahive.com/Infinite/Match/cf0fb794-2df1-4ba1-9415-00000oddball",
}
`;
