// Vitest Snapshot v1, https://vitest.dev/guide/snapshot.html

exports[`TotalControlMatchEmbed > getEmbed > returns the expected embed 1`] = `
{
  "fields": [
    {
      "inline": false,
      "name": "Eagle",
      "value": "Team Score: 0",
    },
    {
      "inline": true,
      "name": "gamertag03",
      "value": "\`\`\`Rank: 9
Score: 0
Kills: 4
Deaths: 8
Assists: 6
KDA: -2
Headshot kills: 1
Shots H:F: 106:522
Accuracy: 20.3%
Damage D:T: 2582:2390
Av life duration: 57s
Av damage/life: 322.75\`\`\`",
    },
    {
      "inline": true,
      "name": "gamertag06",
      "value": "\`\`\`Rank: 9
Score: 0
Kills: 22
Deaths: 13
Assists: 8
KDA: 11.66
Headshot kills: 13
Shots H:F: 223:621
Accuracy: 35.9%
Damage D:T: 6544:3809
Av life duration: 33s
Av damage/life: 503.38\`\`\`",
    },
    {
      "inline": false,
      "name": "
",
      "value": "
",
    },
    {
      "inline": true,
      "name": "gamertag08",
      "value": "\`\`\`Rank: 9
Score: 0
Kills: 11
Deaths: 14
Assists: 12
KDA: 1
Headshot kills: 3
Shots H:F: 112:268
Accuracy: 41.79%
Damage D:T: 3113:4286
Av life duration: 30s
Av damage/life: 222.36\`\`\`",
    },
    {
      "inline": true,
      "name": "gamertag12",
      "value": "\`\`\`Rank: 9
Score: 0
Kills: 21
Deaths: 11
Assists: 12
KDA: 14
Headshot kills: 5
Shots H:F: 329:875
Accuracy: 37.59%
Damage D:T: 6630:3707
Av life duration: 40s
Av damage/life: 602.73\`\`\`",
    },
    {
      "inline": false,
      "name": "
",
      "value": "
",
    },
    {
      "inline": true,
      "name": "gamertag13",
      "value": "\`\`\`Rank: 9
Score: 0
Kills: 5
Deaths: 15
Assists: 5
KDA: -8.33
Headshot kills: 1
Shots H:F: 73:329
Accuracy: 22.18%
Damage D:T: 2065:4031
Av life duration: 28s
Av damage/life: 137.67\`\`\`",
    },
    {
      "inline": true,
      "name": "gamertag16",
      "value": "\`\`\`Rank: 9
Score: 0
Kills: 10
Deaths: 17
Assists: 5
KDA: -5.33
Headshot kills: 0
Shots H:F: 241:680
Accuracy: 35.44%
Damage D:T: 4331:4578
Av life duration: 25s
Av damage/life: 254.76\`\`\`",
    },
    {
      "inline": false,
      "name": "
",
      "value": "
",
    },
    {
      "inline": true,
      "name": "gamertag02",
      "value": "\`\`\`Rank: 15
Score: 0
Kills: 7
Deaths: 9
Assists: 3
KDA: -1
Headshot kills: 0
Shots H:F: 127:414
Accuracy: 30.67%
Damage D:T: 1877:2367
Av life duration: 35s
Av damage/life: 208.56\`\`\`",
    },
    {
      "inline": true,
      "name": "gamertag09",
      "value": "\`\`\`Rank: 15
Score: 0
Kills: 12
Deaths: 11
Assists: 7
KDA: 3.33
Headshot kills: 0
Shots H:F: 74:241
Accuracy: 30.7%
Damage D:T: 3844:2892
Av life duration: 40s
Av damage/life: 349.45\`\`\`",
    },
    {
      "inline": false,
      "name": "
",
      "value": "
",
    },
    {
      "inline": false,
      "name": "Cobra",
      "value": "Team Score: 3",
    },
    {
      "inline": true,
      "name": "gamertag01",
      "value": "\`\`\`Rank: 1
Score: 0
Kills: 43
Deaths: 7
Assists: 7
KDA: 38.33
Headshot kills: 29
Shots H:F: 197:326
Accuracy: 60.42%
Damage D:T: 10707:3031
Av life duration: 1m 6s
Av damage/life: 1529.57\`\`\`",
    },
    {
      "inline": true,
      "name": "gamertag04",
      "value": "\`\`\`Rank: 1
Score: 0
Kills: 7
Deaths: 11
Assists: 4
KDA: -2.66
Headshot kills: 2
Shots H:F: 182:408
Accuracy: 44.6%
Damage D:T: 2617:3314
Av life duration: 40s
Av damage/life: 237.91\`\`\`",
    },
    {
      "inline": false,
      "name": "
",
      "value": "
",
    },
    {
      "inline": true,
      "name": "gamertag05",
      "value": "\`\`\`Rank: 1
Score: 0
Kills: 6
Deaths: 11
Assists: 4
KDA: -3.66
Headshot kills: 2
Shots H:F: 230:704
Accuracy: 32.67%
Damage D:T: 3868:3629
Av life duration: 40s
Av damage/life: 351.64\`\`\`",
    },
    {
      "inline": true,
      "name": "gamertag07",
      "value": "\`\`\`Rank: 1
Score: 0
Kills: 9
Deaths: 10
Assists: 10
KDA: 2.33
Headshot kills: 3
Shots H:F: 163:405
Accuracy: 40.24%
Damage D:T: 3248:4207
Av life duration: 45s
Av damage/life: 324.80\`\`\`",
    },
    {
      "inline": false,
      "name": "
",
      "value": "
",
    },
    {
      "inline": true,
      "name": "gamertag10",
      "value": "\`\`\`Rank: 1
Score: 0
Kills: 6
Deaths: 14
Assists: 4
KDA: -6.66
Headshot kills: 0
Shots H:F: 141:437
Accuracy: 32.26%
Damage D:T: 2526:4373
Av life duration: 30s
Av damage/life: 180.43\`\`\`",
    },
    {
      "inline": true,
      "name": "gamertag11",
      "value": "\`\`\`Rank: 1
Score: 0
Kills: 13
Deaths: 13
Assists: 3
KDA: 1
Headshot kills: 3
Shots H:F: 91:209
Accuracy: 43.54%
Damage D:T: 3662:3411
Av life duration: 33s
Av damage/life: 281.69\`\`\`",
    },
    {
      "inline": false,
      "name": "
",
      "value": "
",
    },
    {
      "inline": true,
      "name": "gamertag14",
      "value": "\`\`\`Rank: 1
Score: 0
Kills: 4
Deaths: 16
Assists: 4
KDA: -10.66
Headshot kills: 0
Shots H:F: 54:210
Accuracy: 25.71%
Damage D:T: 1222:3887
Av life duration: 25s
Av damage/life: 76.38\`\`\`",
    },
    {
      "inline": true,
      "name": "gamertag15",
      "value": "\`\`\`Rank: 1
Score: 0
Kills: 10
Deaths: 10
Assists: 9
KDA: 3
Headshot kills: 6
Shots H:F: 180:440
Accuracy: 40.9%
Damage D:T: 3260:3530
Av life duration: 45s
Av damage/life: 326.00\`\`\`",
    },
    {
      "inline": false,
      "name": "
",
      "value": "
",
    },
  ],
  "title": "Total Control: Fake name for asset 2aba3426-083c-42a9-b469-02898d4d0c62",
  "url": "https://halodatahive.com/Infinite/Match/57e0e7b6-d959-433a-aac7-totalcontrol",
}
`;
