// Vitest Snapshot v1, https://vitest.dev/guide/snapshot.html

exports[`VIPMatchEmbed > getEmbed > returns the expected embed 1`] = `
{
  "description": "-# Legend: **Best in team** | __**Best overall**__",
  "fields": [
    {
      "inline": false,
      "name": "Eagle",
      "value": "Team Score: 9 | Team K:D:A: 51:40:19",
    },
    {
      "inline": true,
      "name": "gamertag07 (Rank: 5 | Score: 2,750)",
      "value": "Kills: __**25**__
Deaths: 11
Assists: 5
KDA: __**15.66**__
Headshot kills: __**18**__
Shots H:F: **270**:470
Accuracy: __**57.44%**__
Damage D:T: 6,613:4,087
Av life duration: 37s
Av damage/life: 601.18
VIP kills: __**6**__
VIP Assists: 1
Kills as VIP: __**4**__
Times selected as VIP: **4**
Max killing spree as VIP: __**3**__
Longest Time as VIP: 47s
Time as VIP: 1m 36s
<:Perfect:1322879561515532308> <:NoScope:1322882248516702220> 2x<:KillingSpree:1322803050347499541> 3x<:DoubleKill:1322814147980689430> <:Stick:1322871787695898676> 2x<:Reversal:1322872797701083166> <:Gunslinger:1322866262736637992> <:LastShot:1322884170606972959> <:Marksman:1322867024011067454> <:BackSmack:1322872596135546891>",
    },
    {
      "inline": true,
      "name": "gamertag06 (Rank: 6 | Score: 1,720)",
      "value": "Kills: 14
Deaths: 11
Assists: 6
KDA: 5
Headshot kills: 3
Shots H:F: 251:**485**
Accuracy: 51.75%
Damage D:T: __**6,807**__:4,933
Av life duration: 33s
Av damage/life: **618.82**
VIP kills: 4
VIP Assists: __**3**__
Kills as VIP: 2
Times selected as VIP: 2
Max killing spree as VIP: 2
Longest Time as VIP: __**1m 27s**__
Time as VIP: 1m 48s
2x<:DoubleKill:1322814147980689430> <:BankShot:1322877033868558460> 3x<:Kong:1322873292180160604> 3x<:Stick:1322871787695898676> 2x<:FromtheGrave:1322884008773816351> <:Snipe:1322872969571340370> <:BackSmack:1322872596135546891> <:Reversal:1322872797701083166>",
    },
    {
      "inline": false,
      "name": "
",
      "value": "
",
    },
    {
      "inline": true,
      "name": "gamertag05 (Rank: 7 | Score: 950)",
      "value": "Kills: 9
Deaths: **7**
Assists: 1
KDA: 2.33
Headshot kills: 3
Shots H:F: 83:207
Accuracy: 40.09%
Damage D:T: 2,375:**2,002**
Av life duration: __**55s**__
Av damage/life: 339.29
VIP kills: 1
VIP Assists: 0
Kills as VIP: 0
Times selected as VIP: 0
Max killing spree as VIP: 0
Longest Time as VIP: 
Time as VIP: 
<:OfftheRack:1322884747881353279> <:Kong:1322873292180160604> <:LastShot:1322884170606972959>",
    },
    {
      "inline": true,
      "name": "gamertag04 (Rank: 7 | Score: 700)",
      "value": "Kills: 3
Deaths: 11
Assists: __**8**__
KDA: -5.33
Headshot kills: 0
Shots H:F: 102:362
Accuracy: 28.17%
Damage D:T: 2,721:4,748
Av life duration: 33s
Av damage/life: 247.36
VIP kills: 1
VIP Assists: 1
Kills as VIP: 2
Times selected as VIP: **4**
Max killing spree as VIP: 1
Longest Time as VIP: 58s
Time as VIP: **2m 39s**
<:BackSmack:1322872596135546891>",
    },
    {
      "inline": false,
      "name": "
",
      "value": "
",
    },
    {
      "inline": false,
      "name": "Cobra",
      "value": "Team Score: 10 | Team K:D:A: 40:51:15",
    },
    {
      "inline": true,
      "name": "gamertag03 (Rank: 1 | Score: 1,950)",
      "value": "Kills: **18**
Deaths: 10
Assists: 3
KDA: **9**
Headshot kills: 2
Shots H:F: __**378**__:__**775**__
Accuracy: 48.77%
Damage D:T: **6,247**:4,444
Av life duration: **37s**
Av damage/life: 624.7
VIP kills: **5**
VIP Assists: 1
Kills as VIP: 1
Times selected as VIP: 2
Max killing spree as VIP: 1
Longest Time as VIP: 28s
Time as VIP: 45s
<:LastShot:1322884170606972959> <:Reversal:1322872797701083166> <:Killjoy:1322802841039147129> <:Kong:1322873292180160604> <:Rifleman:1322860656399220828>",
    },
    {
      "inline": true,
      "name": "gamertag02 (Rank: 2 | Score: 1,150)",
      "value": "Kills: 8
Deaths: 16
Assists: **7**
KDA: -5.66
Headshot kills: 3
Shots H:F: 133:352
Accuracy: 37.78%
Damage D:T: 4,597:5,035
Av life duration: 20s
Av damage/life: 287.31
VIP kills: 2
VIP Assists: __**3**__
Kills as VIP: **3**
Times selected as VIP: __**5**__
Max killing spree as VIP: 2
Longest Time as VIP: **1m 14s**
Time as VIP: 2m 34s",
    },
    {
      "inline": false,
      "name": "
",
      "value": "
",
    },
    {
      "inline": true,
      "name": "gamertag09 (Rank: 2 | Score: 1,050)",
      "value": "Kills: 9
Deaths: 7
Assists: 3
KDA: 3
Headshot kills: **7**
Shots H:F: 125:246
Accuracy: **50.81%**
Damage D:T: 3,175:2,433
Av life duration: 34s
Av damage/life: 453.57
VIP kills: 2
VIP Assists: 0
Kills as VIP: 2
Times selected as VIP: 1
Max killing spree as VIP: 2
Longest Time as VIP: 1m 6s
Time as VIP: 1m 6s
2x<:NoScope:1322882248516702220> <:OfftheRack:1322884747881353279> <:Snipe:1322872969571340370> <:BackSmack:1322872596135546891>",
    },
    {
      "inline": true,
      "name": "gamertag01 (Rank: 4 | Score: 650)",
      "value": "Kills: 5
Deaths: 14
Assists: 3
KDA: -8
Headshot kills: 0
Shots H:F: 50:214
Accuracy: 23.36%
Damage D:T: 1,454:5,611
Av life duration: 25s
Av damage/life: 103.86
VIP kills: 1
VIP Assists: 2
Kills as VIP: **3**
Times selected as VIP: __**5**__
Max killing spree as VIP: __**3**__
Longest Time as VIP: 1m 13s
Time as VIP: __**2m 49s**__
2x<:DoubleKill:1322814147980689430> <:Reversal:1322872797701083166> <:BackSmack:1322872596135546891> <:Killjoy:1322802841039147129>",
    },
    {
      "inline": false,
      "name": "
",
      "value": "
",
    },
    {
      "inline": true,
      "name": "gamertag08 (Rank: 9 | Score: 0)",
      "value": "Kills: 0
Deaths: 4
Assists: 0
KDA: -4
Headshot kills: 0
Shots H:F: 9:55
Accuracy: 16.36%
Damage D:T: 194:1,020
Av life duration: 21s
Av damage/life: 48.5
VIP kills: 0
VIP Assists: 0
Kills as VIP: 0
Times selected as VIP: 0
Max killing spree as VIP: 0
Longest Time as VIP: 
Time as VIP: ",
    },
    {
      "inline": true,
      "name": "Bot (Rank: 9 | Score: 0)",
      "value": "Kills: 0
Deaths: __**0**__
Assists: 0
KDA: 0
Headshot kills: 0
Shots H:F: 0:0
Accuracy: 0%
Damage D:T: 0:__**0**__
Av life duration: 
Av damage/life: NaN
VIP kills: 0
VIP Assists: 0
Kills as VIP: 0
Times selected as VIP: 0
Max killing spree as VIP: 0
Longest Time as VIP: 
Time as VIP: ",
    },
    {
      "inline": false,
      "name": "
",
      "value": "
",
    },
  ],
  "title": "VIP: Fake name for asset 654dff62-d618-496a-8914-06ab73d991e3",
  "url": "https://halodatahive.com/Infinite/Match/28af2f64-7c05-458d-b8b1-000000000vip",
}
`;
